files/113.csv
id,week,center_id,meal_id,checkout_price,base_price,emailer_for_promotion,homepage_featured,num_orders
1289755,1,113,2539,114.46,116.46,0,0,175
1019865,2,113,2539,96.06,116.46,1,1,1458
1402532,3,113,2539,96.03,116.46,0,1,919
1149832,4,113,2539,116.4,115.46,0,1,296
1015364,5,113,2539,119.37,117.37,0,0,526
1178078,6,113,2539,117.4,117.37,0,1,581
1450913,7,113,2539,118.37,118.37,0,1,257
1459472,8,113,2539,93.12,117.37,1,0,541
1145586,9,113,2539,119.34,118.34,0,0,243
1099158,10,113,2539,120.34,118.34,0,0,230
1049439,11,113,2539,116.4,116.4,0,0,256
1229483,12,113,2539,116.4,118.4,0,0,163
1241103,13,113,2539,119.37,119.37,0,0,298
1038995,14,113,2539,119.37,119.37,0,0,135
1115472,15,113,2539,114.46,115.46,0,0,283
1169807,16,113,2539,116.43,115.43,0,0,256
1356363,17,113,2539,120.34,120.34,0,0,229
1447697,18,113,2539,116.4,118.4,0,0,217
1035434,19,113,2539,117.43,115.43,0,0,121
1452350,20,113,2539,121.28,120.28,0,0,107
1249787,21,113,2539,115.43,116.43,0,0,216
1237997,22,113,2539,120.28,122.28,0,0,269
1377978,23,113,2539,115.43,115.43,0,0,188
1130147,24,113,2539,117.37,117.37,0,0,190
1475003,25,113,2539,114.46,116.46,0,0,148
1300119,26,113,2539,115.43,117.43,0,0,136
1114098,27,113,2539,114.46,114.46,0,0,190
1069132,28,113,2539,119.34,119.34,0,0,108
1474440,29,113,2539,114.52,113.52,0,0,41
1147194,30,113,2539,116.4,118.4,0,0,189
1163323,31,113,2539,118.4,118.4,0,0,95
1111720,32,113,2539,117.43,117.43,0,0,256
1270529,33,113,2539,119.31,121.31,0,0,96
1105056,34,113,2539,114.46,114.46,0,0,95
1077742,35,113,2539,118.37,118.37,0,0,82
1397894,36,113,2539,92.15,117.37,0,0,149
1077454,37,113,2539,117.37,117.37,0,0,94
1118442,38,113,2539,115.43,115.43,0,0,27
1179869,39,113,2539,118.4,117.4,0,0,68
1415720,40,113,2539,118.37,117.37,0,0,136
1013874,41,113,2539,115.43,115.43,0,0,26
1278895,42,113,2539,116.46,115.46,0,0,121
1495701,43,113,2539,113.55,113.55,0,0,53
1332375,44,113,2539,116.43,116.43,0,0,94
1329080,45,113,2539,102.88,115.43,0,0,123
1121886,46,113,2539,92.15,116.43,0,0,109
1150400,47,113,2539,97.06,116.43,0,0,121
1335295,48,113,2539,96.06,115.43,1,0,243
1320817,49,113,2539,93.12,115.43,1,0,512
1036073,50,113,2539,95.09,115.43,0,0,134
1460655,51,113,2539,94.15,116.43,0,0,80
1250663,52,113,2539,97.03,115.43,1,0,188
1215851,53,113,2539,92.15,116.43,0,0,136
1272275,54,113,2539,96.09,94.09,0,0,163
1001043,55,113,2539,107.73,106.73,0,0,41
1407119,56,113,2539,115.43,117.43,0,0,95
1223057,57,113,2539,115.43,115.43,0,0,123
1098925,58,113,2539,115.43,115.43,0,0,53
1368184,59,113,2539,114.49,114.49,0,0,135
1444548,60,113,2539,120.31,121.31,0,0,162
1133857,61,113,2539,90.21,120.31,0,0,135
1151697,62,113,2539,90.21,121.31,0,0,135
1420929,63,113,2539,119.34,119.34,0,0,55
1402654,64,113,2539,118.34,118.34,0,0,54
1383623,65,113,2539,118.37,118.37,0,0,94
1203150,66,113,2539,119.37,117.37,0,0,68
1269858,67,113,2539,111.55,111.55,0,0,109
1423892,68,113,2539,97.06,113.55,0,0,55
1440698,69,113,2539,96.09,111.55,0,0,121
1213430,70,113,2539,119.37,119.37,0,0,80
1326467,71,113,2539,118.37,119.37,0,0,95
1044000,72,113,2539,120.34,119.34,0,0,67
1222298,73,113,2539,117.43,115.43,0,0,28
1316240,74,113,2539,117.4,117.4,0,0,107
1483055,75,113,2539,119.37,118.37,0,0,41
1282735,76,113,2539,117.43,116.43,0,0,123
1018053,77,113,2539,116.43,117.43,0,0,53
1389545,78,113,2539,112.52,112.52,0,0,41
1188173,79,113,2539,114.52,112.52,0,0,42
1130811,80,113,2539,118.4,118.4,0,0,108
1124840,81,113,2539,115.43,115.43,0,0,80
1455343,82,113,2539,108.64,109.64,0,0,26
1440506,83,113,2539,118.34,118.34,0,0,68
1494511,84,113,2539,119.34,120.34,0,0,69
1473268,85,113,2539,96.03,118.34,0,0,108
1180565,86,113,2539,79.6,120.34,1,0,107
1393316,87,113,2539,117.37,119.34,0,1,189
1235248,88,113,2539,119.31,119.31,0,0,81
1245808,89,113,2539,122.28,122.28,0,0,123
1030511,90,113,2539,118.37,119.37,0,0,95
1478246,91,113,2539,120.31,120.31,0,0,81
1462446,92,113,2539,115.43,117.43,0,0,54
1012742,93,113,2539,118.4,117.4,0,0,148
1482896,94,113,2539,117.43,117.43,0,0,27
1487718,95,113,2539,114.49,113.49,0,0,109
1498701,96,113,2539,114.52,114.52,0,0,42
1000536,97,113,2539,119.34,120.34,0,0,67
1364030,98,113,2539,120.34,119.34,0,0,94
1142638,99,113,2539,108.64,109.64,0,0,13
1337998,100,113,2539,120.34,120.34,0,0,53
1483023,101,113,2539,112.58,110.58,0,0,108
1010354,102,113,2539,115.43,115.43,0,0,96
1147205,103,113,2539,94.09,115.43,0,0,81
1217340,104,113,2539,94.15,115.43,1,0,81
1385669,105,113,2539,117.37,119.37,0,0,96
1477593,106,113,2539,114.49,115.49,0,0,69
1040177,107,113,2539,94.09,113.49,0,0,134
1354498,108,113,2539,95.09,113.49,0,0,121
1030393,109,113,2539,95.06,115.49,0,0,163
1190925,110,113,2539,97.06,115.49,0,0,108
1151069,112,113,2539,94.09,115.49,0,0,41
1099711,113,113,2539,89.3,87.3,0,0,27
1333648,114,113,2539,95.09,95.09,0,0,135
1490936,115,113,2539,97.03,98.03,0,0,109
1035598,116,113,2539,94.15,94.15,0,0,55
1376001,117,113,2539,96.03,97.03,0,0,82
1002920,118,113,2539,113.55,113.55,0,0,54
1050810,119,113,2539,115.43,116.43,0,0,109
1313201,120,113,2539,118.37,118.37,0,0,41
1134928,121,113,2539,110.64,108.64,0,0,55
1403638,122,113,2539,108.64,108.64,0,0,68
1046800,123,113,2539,111.55,112.55,0,0,67
1188802,124,113,2539,120.34,120.34,0,0,68
1361870,125,113,2539,111.55,113.55,0,0,54
1156437,126,113,2539,109.64,110.64,0,0,28
1496692,127,113,2539,109.64,108.64,0,0,28
1313673,128,113,2539,113.55,111.55,0,0,53
1026116,129,113,2539,114.49,114.49,0,0,69
1335054,130,113,2539,118.37,117.37,0,0,40
1057894,131,113,2539,120.34,120.34,0,0,69
1060103,132,113,2539,114.49,113.49,0,0,109
1152654,133,113,2539,95.06,115.49,0,0,107
1159152,134,113,2539,92.15,115.49,0,0,82
1058512,135,113,2539,96.06,115.49,0,0,68
1284292,136,113,2539,120.31,121.31,0,0,95
1045245,137,113,2539,121.31,120.31,0,0,82
1075489,138,113,2539,119.34,119.34,0,0,122
1448428,139,113,2539,117.37,119.37,0,0,82
1294968,140,113,2539,115.43,116.43,0,0,108
1089124,141,113,2539,117.37,119.37,0,0,123
1101148,142,113,2539,119.37,118.37,0,0,123
1245489,143,113,2539,112.55,112.55,0,0,69
1218341,144,113,2539,118.37,117.37,0,0,81
1057466,145,113,2539,131.01,130.01,0,0,80
1304432,1,113,2139,368.63,368.63,0,0,27
1238802,3,113,2139,455.93,456.93,0,0,27
1208846,4,113,2139,454.93,455.93,0,0,15
1324646,6,113,2139,456.93,456.93,0,0,26
1378443,7,113,2139,439.41,440.41,0,0,40
1092484,8,113,2139,454.93,455.93,0,0,15
1357192,9,113,2139,409.34,455.93,0,0,13
1088560,11,113,2139,441.41,440.41,0,0,40
1105238,12,113,2139,455.93,454.93,0,0,42
1286356,14,113,2139,454.93,455.93,0,0,13
1485118,15,113,2139,425.86,426.86,0,0,82
1325111,18,113,2139,455.93,456.93,0,0,28
1054657,21,113,2139,409.34,456.93,0,0,15
1336598,22,113,2139,456.93,455.93,0,0,26
1475025,23,113,2139,409.34,455.93,0,0,27
1405357,25,113,2139,409.34,456.93,0,0,26
1447790,26,113,2139,455.93,455.93,0,0,15
1438745,28,113,2139,293,456.93,0,0,42
1196890,30,113,2139,284.27,455.93,0,0,28
1061541,31,113,2139,290.06,455.93,0,0,54
1172587,32,113,2139,298.82,456.93,0,0,26
1353107,33,113,2139,288.12,455.93,0,0,42
1146272,34,113,2139,288.12,456.93,0,0,40
1219722,35,113,2139,288.12,289.12,0,0,42
1172379,36,113,2139,298.82,297.82,0,0,15
1003791,37,113,2139,290.06,289.06,0,0,53
1161966,39,113,2139,298.82,297.82,0,0,15
1267763,40,113,2139,296.82,297.82,0,0,28
1186110,41,113,2139,298.82,298.82,0,0,41
1248875,42,113,2139,297.82,296.82,0,0,67
1209196,43,113,2139,278.45,276.45,0,0,15
1237101,44,113,2139,293.97,293.97,0,0,28
1481513,45,113,2139,292.97,291.97,0,0,26
1063472,46,113,2139,299.73,300.73,0,0,54
1201145,47,113,2139,278.45,277.45,0,0,14
1459943,49,113,2139,308.49,308.49,0,0,26
1069278,50,113,2139,308.49,309.49,0,0,40
1146946,51,113,2139,307.49,307.49,0,0,13
1019058,52,113,2139,308.49,309.49,0,0,69
1017553,53,113,2139,293.91,293.91,0,0,80
1117695,54,113,2139,286.21,284.21,0,0,40
1078330,55,113,2139,291.03,290.03,0,0,15
1126825,56,113,2139,262.93,291.03,0,0,14
1428725,57,113,2139,292.03,290.03,0,0,53
1345595,58,113,2139,262.93,292.03,0,0,13
1418419,59,113,2139,307.49,307.49,0,0,27
1236508,61,113,2139,296.82,298.82,0,0,41
1163340,63,113,2139,308.49,307.49,0,0,14
1490401,64,113,2139,294.88,295.88,0,0,67
1068502,65,113,2139,308.49,307.49,0,0,26
1056864,66,113,2139,290.06,290.06,0,0,67
1296413,67,113,2139,251.26,290.06,0,0,68
1191712,68,113,2139,243.5,291.06,0,0,41
1128512,69,113,2139,243.5,289.06,0,0,13
1138333,70,113,2139,234.74,289.06,0,0,41
1181963,71,113,2139,244.5,290.06,0,0,13
1189224,72,113,2139,234.74,289.06,0,0,41
1365500,73,113,2139,276.45,276.45,0,0,68
1269800,74,113,2139,272.63,271.63,0,0,40
1389022,75,113,2139,291.03,292.03,0,0,80
1061756,76,113,2139,280.33,280.33,0,0,40
1419749,77,113,2139,292.03,290.03,0,0,28
1014334,78,113,2139,278.39,279.39,0,0,68
1339046,79,113,2139,292.03,292.03,0,0,40
1493008,80,113,2139,292.03,291.03,0,0,82
1408391,81,113,2139,290.03,292.03,0,0,27
1162514,82,113,2139,282.33,281.33,0,0,41
1062092,83,113,2139,277.48,275.48,0,0,26
1383916,84,113,2139,290.03,291.03,0,0,14
1012251,85,113,2139,285.24,285.24,0,0,55
1087439,86,113,2139,291.03,292.03,0,0,69
1314042,87,113,2139,292.03,290.03,0,0,13
1355148,88,113,2139,290.03,292.03,0,0,41
1349673,89,113,2139,278.42,277.42,0,0,96
1411988,90,113,2139,284.24,284.24,0,0,55
1202162,91,113,2139,291.03,290.03,0,0,80
1288465,92,113,2139,274.57,272.57,0,0,69
1382903,93,113,2139,282.33,280.33,0,0,80
1323182,94,113,2139,279.39,278.39,0,0,67
1147967,95,113,2139,290.03,292.03,0,0,40
1394113,96,113,2139,275.48,276.48,0,0,53
1204372,97,113,2139,261.93,261.93,0,0,14
1150817,98,113,2139,285.21,284.21,0,0,69
1497756,99,113,2139,292.03,292.03,0,0,41
1133051,101,113,2139,277.48,276.48,0,0,28
1471538,102,113,2139,261.93,262.93,0,0,13
1158133,103,113,2139,291.03,292.03,0,0,27
1148559,105,113,2139,290.03,290.03,0,0,13
1130810,106,113,2139,290.03,291.03,0,0,26
1255212,107,113,2139,275.48,277.48,0,0,27
1326457,108,113,2139,280.36,280.36,0,0,108
1326481,109,113,2139,284.21,284.21,0,0,68
1450183,111,113,2139,291.03,291.03,0,0,40
1402797,112,113,2139,286.21,285.21,0,0,68
1498634,113,113,2139,282.33,281.33,0,0,41
1441266,114,113,2139,291.03,291.03,0,0,14
1143902,115,113,2139,292.03,290.03,0,0,27
1289028,116,113,2139,284.21,285.21,0,0,68
1336523,117,113,2139,277.48,275.48,0,0,53
1050638,118,113,2139,268.69,270.69,0,0,55
1247348,119,113,2139,275.48,277.48,0,0,28
1345058,120,113,2139,285.18,285.18,0,0,80
1026387,121,113,2139,276.48,277.48,0,0,27
1116434,122,113,2139,263.9,261.9,0,0,41
1447422,123,113,2139,281.33,281.33,0,0,41
1315641,124,113,2139,290.03,291.03,0,0,55
1287366,125,113,2139,275.48,277.48,0,0,26
1180732,126,113,2139,260.93,260.93,0,0,15
1195018,127,113,2139,290.03,292.03,0,0,27
1215729,128,113,2139,291.03,291.03,0,0,26
1238949,129,113,2139,292.03,292.03,0,0,28
1203882,130,113,2139,290.03,292.03,0,0,80
1350467,131,113,2139,261.93,290.03,0,0,28
1012777,132,113,2139,281.33,282.33,0,0,28
1149191,133,113,2139,282.33,281.33,0,0,42
1371440,134,113,2139,282.33,280.33,0,0,40
1291402,135,113,2139,280.33,280.33,0,0,41
1357999,136,113,2139,290.03,292.03,0,0,15
1018005,137,113,2139,283.3,283.3,0,0,80
1213467,138,113,2139,290.03,291.03,0,0,27
1192216,139,113,2139,286.18,286.18,0,0,67
1467028,140,113,2139,290.03,291.03,0,0,28
1155300,141,113,2139,292.03,291.03,0,0,40
1370725,142,113,2139,291.03,291.03,0,0,40
1202659,143,113,2139,270.63,270.63,0,0,82
1361338,144,113,2139,285.24,285.24,0,0,53
1261462,145,113,2139,281.33,280.33,0,0,82
1417026,1,113,2631,207.61,236.71,0,0,53
1216795,2,113,2631,96.03,237.71,1,1,365
1397249,3,113,2631,101.91,236.71,0,1,392
1291734,4,113,2631,95.06,236.71,0,1,215
1275058,5,113,2631,93.12,235.71,0,0,216
1127359,6,113,2631,241.53,243.53,0,0,40
1408608,7,113,2631,254.2,254.2,0,0,55
1345561,8,113,2631,252.2,254.2,0,0,41
1068686,9,113,2631,249.32,249.32,0,0,26
1369132,10,113,2631,260.93,261.93,0,0,15
1458947,11,113,2631,260.93,262.93,0,0,27
1467954,12,113,2631,261.93,261.93,0,0,55
1006494,13,113,2631,250.32,250.32,0,0,95
1369633,14,113,2631,196.91,250.32,0,0,41
1135071,15,113,2631,93.18,250.32,1,0,203
1015011,16,113,2631,93.12,250.32,0,0,148
1427714,17,113,2631,93.12,250.32,0,0,135
1426456,18,113,2631,95.09,248.32,0,0,82
1222366,19,113,2631,244.47,243.47,0,0,41
1435984,20,113,2631,252.26,252.26,0,0,68
1467586,21,113,2631,261.93,262.93,0,0,13
1077954,22,113,2631,249.32,250.32,0,0,28
1418526,23,113,2631,143.59,248.32,0,0,80
1202289,24,113,2631,96.09,249.32,1,0,352
1444220,25,113,2631,90.21,248.32,0,0,339
1145062,26,113,2631,96.09,250.32,0,0,121
1360733,27,113,2631,98,250.32,0,0,67
1162167,28,113,2631,150.41,250.32,0,0,41
1420040,29,113,2631,153.26,250.32,0,0,15
1409241,30,113,2631,152.32,248.32,0,1,96
1211257,31,113,2631,147.44,249.32,0,1,215
1497585,32,113,2631,152.35,152.35,0,0,500
1444776,33,113,2631,151.32,152.32,0,0,135
1078507,34,113,2631,155.26,153.26,0,0,67
1291866,35,113,2631,151.35,150.35,0,0,68
1335271,36,113,2631,149.41,150.41,0,0,121
1019845,37,113,2631,151.32,153.32,0,0,176
1334914,38,113,2631,152.29,154.29,0,0,190
1476382,39,113,2631,149.38,149.38,0,0,162
1017060,40,113,2631,148.44,149.44,0,0,177
1029175,41,113,2631,96.06,148.44,1,0,310
1248798,42,113,2631,89.24,147.44,0,0,391
1466016,43,113,2631,154.26,155.26,0,0,54
1366704,44,113,2631,142.59,143.59,0,0,81
1024380,45,113,2631,149.41,148.41,0,0,136
1353398,46,113,2631,149.44,148.44,0,0,134
1222126,47,113,2631,114.52,149.44,0,0,122
1277443,48,113,2631,94.12,149.44,0,0,121
1409483,49,113,2631,113.49,149.44,0,0,81
1289938,50,113,2631,95.12,148.44,0,0,136
1099539,51,113,2631,108.7,149.44,0,0,80
1404949,52,113,2631,153.32,152.32,0,0,109
1189533,53,113,2631,149.44,148.44,0,0,109
1286710,54,113,2631,151.38,149.38,0,0,109
1096030,55,113,2631,149.41,148.41,0,0,80
1166492,56,113,2631,150.41,148.41,0,0,95
1258852,57,113,2631,150.41,150.41,0,0,108
1146903,58,113,2631,152.32,152.32,0,0,107
1098355,59,113,2631,148.41,150.41,0,0,80
1183224,60,113,2631,148.44,147.44,0,0,148
1194282,61,113,2631,151.32,151.32,0,0,107
1144436,62,113,2631,147.47,146.47,0,0,80
1006318,63,113,2631,147.44,149.44,0,0,94
1184593,64,113,2631,148.44,148.44,0,0,68
1330179,65,113,2631,153.32,153.32,0,0,109
1250322,66,113,2631,149.41,149.41,0,0,81
1475070,67,113,2631,150.41,149.41,0,0,67
1101162,68,113,2631,96.06,150.41,1,1,1160
1034758,69,113,2631,98.03,149.41,1,1,1161
1118291,70,113,2631,98,148.41,0,0,500
1235784,71,113,2631,96.06,149.41,0,1,215
1135585,72,113,2631,142.59,142.59,0,0,80
1292357,73,113,2631,153.32,152.32,0,0,121
1230086,74,113,2631,145.56,143.56,0,0,69
1386711,75,113,2631,150.41,150.41,0,0,94
1190874,76,113,2631,121.31,148.41,0,0,269
1276056,77,113,2631,97.06,150.41,0,0,108
1308800,78,113,2631,94.09,150.41,0,0,123
1046544,79,113,2631,108.67,149.41,0,0,136
1431772,80,113,2631,97.03,149.41,0,0,96
1232816,81,113,2631,135.8,136.8,0,0,108
1149621,82,113,2631,150.41,149.41,0,0,42
1470561,83,113,2631,155.26,154.26,0,0,53
1422032,84,113,2631,148.41,150.41,0,0,96
1153594,85,113,2631,97,150.41,1,0,662
1232738,86,113,2631,96.06,150.41,0,0,204
1001337,87,113,2631,96.03,150.41,0,0,122
1357919,88,113,2631,93.12,150.41,0,0,135
1067296,89,113,2631,96.06,148.41,0,0,175
1220598,90,113,2631,151.38,149.38,0,0,108
1403754,91,113,2631,151.35,152.35,0,0,136
1467267,92,113,2631,151.32,153.32,0,0,176
1222946,93,113,2631,150.38,149.38,0,0,108
1435947,94,113,2631,146.5,146.5,0,0,55
1140456,95,113,2631,150.35,151.35,0,0,150
1026748,96,113,2631,154.26,155.26,0,0,40
1155392,97,113,2631,144.56,145.56,0,0,109
1402103,98,113,2631,150.41,149.41,0,0,95
1307744,99,113,2631,132.89,148.41,0,0,54
1012711,100,113,2631,96.09,148.41,0,0,94
1167928,101,113,2631,97,150.41,0,0,108
1338447,102,113,2631,93.12,149.41,0,0,188
1241713,103,113,2631,97.03,148.41,0,0,40
1124254,104,113,2631,95.12,148.41,0,0,27
1350377,105,113,2631,98.94,98.94,0,0,215
1196514,106,113,2631,143.59,142.59,0,0,41
1003724,107,113,2631,148.47,148.47,0,0,96
1498582,108,113,2631,144.59,143.59,0,0,136
1487393,109,113,2631,155.26,155.26,0,0,68
1359386,110,113,2631,148.41,150.41,0,0,80
1355670,111,113,2631,150.38,151.38,0,0,54
1125091,112,113,2631,150.35,151.35,0,0,69
1076422,113,113,2631,144.59,144.59,0,0,81
1144253,114,113,2631,155.26,153.26,0,0,80
1234413,115,113,2631,149.41,150.41,0,0,40
1040442,116,113,2631,152.32,151.32,0,0,96
1205945,117,113,2631,148.47,147.47,0,0,123
1072936,118,113,2631,148.44,149.44,0,0,67
1393008,119,113,2631,151.32,153.32,0,0,176
1471486,120,113,2631,152.29,152.29,0,0,163
1331101,121,113,2631,100.94,152.29,1,0,176
1095589,122,113,2631,91.21,154.29,0,0,108
1355302,123,113,2631,96.09,154.29,0,0,136
1039328,124,113,2631,94.15,152.29,0,0,176
1211841,125,113,2631,143.56,144.56,0,0,108
1300802,126,113,2631,153.32,151.32,0,0,108
1211034,127,113,2631,150.35,151.35,0,0,55
1296629,128,113,2631,153.26,154.26,0,0,40
1400745,129,113,2631,149.38,150.38,0,0,53
1057065,130,113,2631,150.41,148.41,0,0,81
1373890,131,113,2631,147.44,148.44,0,0,67
1287174,132,113,2631,154.26,153.26,0,0,67
1461779,133,113,2631,153.26,155.26,0,0,27
1082980,134,113,2631,91.18,155.26,1,0,284
1341845,135,113,2631,95.06,153.26,0,0,161
1239003,136,113,2631,97.97,154.26,0,0,190
1466787,137,113,2631,94.12,154.26,0,0,123
1290096,138,113,2631,96.06,153.26,0,0,55
1238320,139,113,2631,91.18,153.26,0,0,204
1226700,140,113,2631,90.21,153.26,0,0,81
1279639,141,113,2631,148.41,148.41,0,0,190
1391997,142,113,2631,153.26,153.26,0,0,67
1493573,143,113,2631,149.44,147.44,0,0,150
1060271,144,113,2631,140.68,139.68,0,0,109
1004195,145,113,2631,149.44,147.44,0,0,175
