files/113.csv
id,week,center_id,meal_id,checkout_price,base_price,emailer_for_promotion,homepage_featured,num_orders
1241043,1,113,1248,216.34,243.5,0,0,68
1063624,2,113,1248,95.09,244.5,1,1,312
1237719,3,113,1248,101.85,242.5,0,1,296
1337333,4,113,1248,98.03,243.5,0,1,230
1471521,5,113,1248,95.12,244.5,0,0,134
1386887,7,113,1248,260.93,261.93,0,0,28
1297640,8,113,1248,262.93,262.93,0,0,55
1291917,10,113,1248,235.74,261.93,0,0,14
1145256,11,113,1248,248.32,248.32,0,0,68
1039238,12,113,1248,248.32,250.32,0,0,55
1348492,13,113,1248,261.93,261.93,0,0,13
1389877,14,113,1248,180.48,260.93,0,0,54
1150653,15,113,1248,93.12,260.93,1,0,230
1279391,16,113,1248,94.09,260.93,0,0,162
1066399,17,113,1248,119.34,262.93,0,0,95
1381555,18,113,1248,96.09,260.93,0,0,162
1174470,19,113,1248,262.93,261.93,0,0,13
1117006,20,113,1248,248.32,250.32,0,0,27
1091320,21,113,1248,248.32,248.32,0,0,13
1241615,22,113,1248,246.41,247.41,0,0,54
1335843,23,113,1248,129.04,245.41,0,0,136
1309446,24,113,1248,95.09,245.41,1,0,242
1020671,25,113,1248,96.03,246.41,0,0,94
1221487,26,113,1248,97.03,247.41,0,0,135
1222917,27,113,1248,93.12,245.41,0,0,150
1315044,29,113,1248,145.5,246.41,0,0,13
1449487,30,113,1248,154.26,245.41,0,0,26
1438538,32,113,1248,153.32,152.32,0,0,96
1424585,33,113,1248,149.38,151.38,0,0,53
1256104,34,113,1248,149.41,150.41,0,0,95
1139800,35,113,1248,150.38,150.38,0,0,40
1250721,36,113,1248,148.41,149.41,0,0,80
1414722,37,113,1248,153.26,153.26,0,0,15
1136621,38,113,1248,148.41,150.41,0,0,42
1194144,39,113,1248,153.26,153.26,0,0,42
1332283,40,113,1248,139.68,139.68,0,0,54
1288979,41,113,1248,92.18,141.68,1,0,378
1126847,42,113,1248,92.15,139.68,0,0,243
1080113,43,113,1248,149.44,148.44,0,0,68
1350897,44,113,1248,153.26,153.26,0,0,94
1295384,45,113,1248,154.26,155.26,0,0,54
1380467,46,113,1248,153.26,155.26,0,0,68
1428184,47,113,1248,112.55,155.26,0,0,53
1470951,48,113,1248,95.06,154.26,0,0,148
1093429,49,113,1248,92.21,155.26,0,0,82
1001070,50,113,1248,96.09,155.26,0,0,40
1131097,51,113,1248,92.15,153.26,0,0,55
1348750,52,113,1248,128.07,154.26,0,0,96
1226222,53,113,1248,154.26,153.26,0,0,54
1178081,54,113,1248,152.35,150.35,0,0,69
1348425,55,113,1248,151.32,151.32,0,0,107
1490839,56,113,1248,155.26,154.26,0,0,54
1438387,57,113,1248,154.26,154.26,0,0,28
1412397,58,113,1248,155.26,153.26,0,0,14
1077230,59,113,1248,150.35,152.35,0,0,80
1002263,60,113,1248,150.38,151.38,0,0,109
1142150,61,113,1248,144.56,145.56,0,0,134
1311044,62,113,1248,152.32,151.32,0,0,53
1170532,63,113,1248,147.44,149.44,0,0,68
1494078,64,113,1248,154.26,154.26,0,0,40
1053551,65,113,1248,153.32,151.32,0,0,123
1386182,66,113,1248,148.41,148.41,0,0,41
1063300,67,113,1248,148.41,149.41,0,0,67
1071422,68,113,1248,94.09,150.41,1,1,1068
1230829,69,113,1248,99,148.41,1,1,1133
1465585,70,113,1248,96.03,150.41,0,1,514
1412489,71,113,1248,93.18,148.41,0,1,177
1482701,72,113,1248,145.5,146.5,0,0,28
1082575,73,113,1248,154.26,155.26,0,0,107
1036569,74,113,1248,149.44,148.44,0,0,107
1088346,75,113,1248,155.26,155.26,0,0,55
1122042,76,113,1248,116.43,155.26,0,0,134
1125499,77,113,1248,96.06,153.26,0,0,80
1306029,78,113,1248,96.09,153.26,0,0,94
1344378,79,113,1248,99.91,154.26,0,0,149
1323365,80,113,1248,95.06,153.26,0,0,108
1398488,81,113,1248,151.38,149.38,0,0,54
1048373,82,113,1248,148.41,148.41,0,0,80
1313539,83,113,1248,148.41,149.41,0,0,41
1109024,84,113,1248,154.26,153.26,0,0,82
1056278,85,113,1248,98.97,154.26,1,1,663
1369813,86,113,1248,98.94,154.26,0,1,298
1344803,87,113,1248,93.18,154.26,0,0,68
1125935,88,113,1248,91.18,153.26,0,0,69
1150228,89,113,1248,91.21,154.26,0,0,148
1261137,90,113,1248,153.26,155.26,0,0,28
1097470,91,113,1248,153.26,153.26,0,0,53
1028179,92,113,1248,145.5,147.5,0,0,28
1458070,93,113,1248,150.38,149.38,0,0,54
1093660,94,113,1248,155.26,155.26,0,0,54
1456890,95,113,1248,150.41,148.41,0,0,80
1045313,96,113,1248,150.38,151.38,0,0,55
1143062,97,113,1248,138.74,139.74,0,0,41
1372567,98,113,1248,153.26,154.26,0,0,55
1236639,99,113,1248,141.62,142.62,0,0,94
1002684,100,113,1248,91.21,141.62,0,0,204
1368396,101,113,1248,96.03,142.62,0,0,109
1239987,102,113,1248,96.06,143.62,0,0,80
1209775,103,113,1248,93.15,143.62,0,0,13
1186900,104,113,1248,103.79,142.62,0,0,40
1366454,105,113,1248,95.06,142.62,0,0,68
1410329,106,113,1248,152.32,151.32,0,0,136
1266803,107,113,1248,150.35,151.35,0,0,81
1028259,108,113,1248,147.5,145.5,0,0,26
1287071,109,113,1248,152.35,151.35,0,0,80
1137172,110,113,1248,153.26,154.26,0,0,68
1397250,111,113,1248,154.26,153.26,0,0,82
1250711,112,113,1248,149.38,151.38,0,0,109
1367210,113,113,1248,149.44,149.44,0,0,108
1372721,114,113,1248,153.26,154.26,0,0,80
1138997,115,113,1248,152.35,150.35,0,0,69
1323220,116,113,1248,148.41,149.41,0,0,96
1150502,117,113,1248,149.44,148.44,0,0,109
1199285,118,113,1248,144.59,143.59,0,0,82
1418836,119,113,1248,153.26,155.26,0,0,13
1216311,120,113,1248,145.5,147.5,0,0,54
1152657,121,113,1248,97.06,147.5,1,0,310
1120945,122,113,1248,104.76,146.5,0,0,80
1493756,123,113,1248,97.03,145.5,0,0,81
1131247,124,113,1248,99.94,147.5,0,0,107
1138741,125,113,1248,148.44,147.44,0,0,136
1050258,126,113,1248,154.26,154.26,0,0,26
1169051,127,113,1248,144.59,142.59,0,0,41
1416959,128,113,1248,154.26,155.26,0,0,81
1140021,129,113,1248,155.26,153.26,0,0,82
1024777,130,113,1248,143.59,144.59,0,0,82
1303685,131,113,1248,154.26,153.26,0,0,68
1331749,132,113,1248,150.35,152.35,0,0,68
1195550,133,113,1248,152.35,151.35,0,0,68
1459686,134,113,1248,92.21,152.35,1,0,404
1370138,135,113,1248,95.06,152.35,0,0,82
1214039,136,113,1248,96.03,150.35,0,0,82
1330474,137,113,1248,95.12,151.35,0,0,96
1495364,138,113,1248,99,152.35,0,0,41
1144589,139,113,1248,95.06,150.35,0,0,54
1441983,140,113,1248,97,150.35,0,0,15
1161799,141,113,1248,153.26,154.26,0,0,15
1323255,142,113,1248,155.26,155.26,0,0,14
1264414,143,113,1248,147.44,149.44,0,0,69
1181264,144,113,1248,145.5,147.5,0,0,28
1000588,145,113,1248,150.38,151.38,0,0,53
1421376,1,113,1778,165.9,166.9,0,0,337
1281408,2,113,1778,180.48,180.48,0,0,269
1338273,3,113,1778,176.54,178.54,0,0,420
1269842,4,113,1778,177.51,178.51,0,0,230
1267403,5,113,1778,170.78,168.78,0,0,338
1113570,6,113,1778,159.11,159.11,0,0,256
1397518,7,113,1778,157.14,157.14,0,0,216
1451158,8,113,1778,152.29,154.29,0,0,203
1143973,9,113,1778,157.2,157.2,0,0,325
1045928,10,113,1778,150.38,149.38,0,0,512
1162551,11,113,1778,157.14,159.14,0,0,485
1435618,12,113,1778,172.66,173.66,0,0,325
1124088,13,113,1778,176.54,178.54,0,0,231
1124865,14,113,1778,174.63,174.63,0,0,148
1440338,15,113,1778,176.57,175.57,0,0,297
1073829,16,113,1778,180.42,180.42,0,0,256
1189672,17,113,1778,154.23,181.42,0,0,339
1115638,18,113,1778,159.14,180.42,1,0,446
1012248,19,113,1778,158.11,182.42,0,0,445
1016640,20,113,1778,153.29,181.42,0,0,325
1276701,21,113,1778,155.2,182.42,0,0,473
1170881,22,113,1778,158.14,182.42,0,0,474
1059164,23,113,1778,159.11,182.42,0,0,446
1402619,24,113,1778,165.9,166.9,0,0,366
1205704,25,113,1778,175.57,176.57,0,0,229
1213398,26,113,1778,177.54,178.54,0,0,418
1036026,27,113,1778,173.66,174.66,0,0,258
1149779,28,113,1778,171.69,171.69,0,0,243
1192529,29,113,1778,169.75,171.75,0,0,324
1435034,30,113,1778,152.29,169.75,0,0,514
1363846,31,113,1778,154.29,169.75,0,0,366
1387448,32,113,1778,156.2,170.75,1,0,418
1262103,33,113,1778,155.26,153.26,0,0,379
1119096,34,113,1778,156.17,156.17,0,0,379
1462160,35,113,1778,158.17,158.17,0,0,432
1485880,36,113,1778,158.11,158.11,0,0,512
1340576,37,113,1778,168.81,169.81,0,0,285
1479820,38,113,1778,176.57,177.57,0,0,202
1479091,39,113,1778,170.78,169.78,0,0,310
1312026,40,113,1778,174.6,174.6,0,0,323
1001008,41,113,1778,177.54,178.54,0,0,352
1269025,42,113,1778,180.48,179.48,0,0,283
1100376,43,113,1778,179.48,180.48,0,0,215
1372003,44,113,1778,176.6,175.6,0,0,285
1388093,45,113,1778,178.51,178.51,0,0,176
1029889,46,113,1778,176.6,175.6,0,0,311
1466912,47,113,1778,173.63,175.63,0,0,163
1348809,48,113,1778,174.66,172.66,0,0,217
1292240,49,113,1778,178.54,176.54,0,0,242
1365734,50,113,1778,173.69,171.69,0,0,175
1242912,51,113,1778,175.57,177.57,0,0,215
1095493,52,113,1778,175.6,174.6,0,0,257
1169053,53,113,1778,178.48,179.48,0,0,175
1475207,54,113,1778,179.48,179.48,0,0,297
1400923,55,113,1778,174.66,173.66,0,0,351
1004774,56,113,1778,178.51,179.51,0,0,364
1021223,57,113,1778,155.23,179.51,0,0,312
1426364,58,113,1778,154.29,179.51,0,0,339
1274881,59,113,1778,157.2,178.51,0,0,404
1289099,60,113,1778,146.5,178.51,0,0,379
1388395,61,113,1778,156.23,178.51,0,0,161
1467113,62,113,1778,161.08,177.51,0,0,109
1258346,63,113,1778,175.57,175.57,0,0,229
1151679,64,113,1778,175.63,174.63,0,0,202
1286072,65,113,1778,176.54,177.54,0,0,257
1174482,66,113,1778,175.63,173.63,0,0,297
1481066,67,113,1778,176.57,176.57,0,0,215
1385488,68,113,1778,179.51,177.51,0,0,229
1433361,69,113,1778,168.78,169.78,0,0,203
1376482,70,113,1778,178.54,176.54,0,0,80
1279769,71,113,1778,165.87,167.87,0,0,256
1132932,72,113,1778,174.6,176.6,0,0,229
1177152,73,113,1778,166.9,164.9,0,0,189
1454425,74,113,1778,171.72,172.72,0,0,202
1061157,75,113,1778,173.66,173.66,0,0,243
1461774,76,113,1778,169.75,170.75,0,0,243
1168387,77,113,1778,179.48,178.48,0,0,188
1159420,78,113,1778,175.57,175.57,0,0,243
1066285,79,113,1778,176.6,174.6,0,0,188
1111300,80,113,1778,174.6,176.6,0,0,242
1463735,81,113,1778,175.6,176.6,0,0,325
1290222,82,113,1778,177.57,175.57,0,0,231
1482644,83,113,1778,170.75,170.75,0,0,445
1367624,84,113,1778,181.45,180.45,0,0,297
1442324,85,113,1778,169.81,167.81,0,0,229
1365600,86,113,1778,178.54,178.54,0,0,256
1487608,87,113,1778,162.02,162.02,0,0,312
1360675,88,113,1778,154.26,155.26,0,0,271
1094883,89,113,1778,153.26,154.26,0,0,325
1238036,90,113,1778,156.23,154.23,0,0,283
1371585,91,113,1778,155.23,155.23,0,0,297
1251797,92,113,1778,154.26,154.26,0,0,351
1104318,93,113,1778,158.14,159.14,0,0,244
1461257,94,113,1778,151.35,151.35,0,0,325
1046533,95,113,1778,155.26,154.26,0,0,161
1060181,96,113,1778,155.2,157.2,0,0,177
1303839,97,113,1778,154.26,154.26,0,0,134
1233939,98,113,1778,151.35,152.35,0,0,283
1105560,99,113,1778,156.23,154.23,0,0,134
1113505,100,113,1778,157.17,158.17,0,0,163
1060627,101,113,1778,153.26,155.26,0,0,176
1327951,102,113,1778,154.29,154.29,0,0,134
1165048,103,113,1778,158.14,157.14,0,0,95
1436366,104,113,1778,154.23,156.23,0,0,176
1189346,105,113,1778,150.35,151.35,0,0,190
1386152,106,113,1778,158.17,158.17,0,0,148
1003682,107,113,1778,162.05,162.05,0,0,134
1243346,108,113,1778,156.2,157.2,0,0,204
1210971,109,113,1778,160.08,160.08,0,0,242
1071180,110,113,1778,175.57,176.57,0,0,135
1327432,111,113,1778,176.57,175.57,0,0,134
1112651,112,113,1778,168.81,167.81,0,0,134
1452292,113,113,1778,153.29,168.81,0,1,391
1263915,114,113,1778,149.38,167.81,1,1,512
1051281,115,113,1778,154.26,168.81,0,1,310
1183076,116,113,1778,159.14,168.81,1,1,190
1490360,117,113,1778,173.69,171.69,0,0,162
1351899,118,113,1778,169.78,169.78,0,0,177
1075098,119,113,1778,178.48,179.48,0,0,203
1302005,120,113,1778,176.6,176.6,0,0,81
1022364,121,113,1778,178.48,180.48,0,0,81
1135397,122,113,1778,167.84,166.84,0,0,148
1183661,123,113,1778,169.75,171.75,0,0,80
1092578,124,113,1778,176.6,174.6,0,0,163
1369447,125,113,1778,179.48,178.48,0,0,149
1262020,126,113,1778,175.57,176.57,0,0,189
1269898,127,113,1778,178.51,178.51,0,0,203
1405598,128,113,1778,180.45,179.45,0,0,177
1243123,129,113,1778,176.6,174.6,0,0,310
1498499,130,113,1778,175.6,175.6,0,0,229
1393868,131,113,1778,178.54,176.54,0,0,188
1402862,132,113,1778,157.2,177.54,1,1,512
1395905,133,113,1778,156.17,177.54,0,1,460
1148825,134,113,1778,157.17,176.54,0,1,582
1305506,135,113,1778,152.32,178.54,0,0,406
1197041,136,113,1778,146.5,177.54,0,0,323
1491957,137,113,1778,152.29,178.54,0,0,310
1291915,138,113,1778,173.63,174.63,0,0,231
1257664,139,113,1778,175.57,176.57,0,0,325
1422245,140,113,1778,177.51,178.51,0,0,190
1021202,141,113,1778,166.84,167.84,0,0,377
1265297,142,113,1778,153.32,152.32,0,0,285
1016116,143,113,1778,156.23,156.23,0,0,391
1495698,144,113,1778,157.17,157.17,0,0,432
1054573,145,113,1778,153.29,156.17,1,0,487
