files/113.csv
id,week,center_id,meal_id,checkout_price,base_price,emailer_for_promotion,homepage_featured,num_orders
1228157,1,113,1971,259.99,292.03,1,0,1216
1412016,2,113,1971,259.99,290.03,1,0,566
1164618,3,113,1971,289.06,289.06,0,0,364
1385426,4,113,1971,292.03,291.03,0,0,419
1041169,5,113,1971,292.03,290.03,0,0,324
1318116,6,113,1971,292.03,290.03,0,0,298
1333342,7,113,1971,291.03,292.03,0,0,229
1406243,8,113,1971,290.03,291.03,0,0,109
1001208,9,113,1971,290.03,292.03,0,0,269
1214407,10,113,1971,243.5,291.03,1,1,1878
1448574,11,113,1971,241.53,291.03,1,0,1485
1454943,12,113,1971,243.47,290.03,0,1,540
1061539,13,113,1971,288.15,287.15,0,0,177
1377172,14,113,1971,291.03,290.03,0,0,134
1496205,15,113,1971,292.03,290.03,0,0,176
1492143,16,113,1971,291.03,292.03,0,0,95
1293216,17,113,1971,291.03,292.03,0,0,121
1448980,18,113,1971,290.03,292.03,0,0,310
1306450,19,113,1971,292.03,291.03,0,0,512
1250277,20,113,1971,290.03,290.03,0,0,405
1388559,21,113,1971,290.03,291.03,0,0,594
1412554,22,113,1971,243.47,290.03,1,1,2580
1445534,23,113,1971,216.34,290.03,0,1,2537
1016890,24,113,1971,280.36,291.03,0,1,500
1442550,25,113,1971,292.03,292.03,0,0,365
1459304,26,113,1971,291.03,291.03,0,0,648
1459255,27,113,1971,290.03,292.03,0,0,539
1236844,28,113,1971,291.03,291.03,0,0,420
1204415,29,113,1971,290.03,291.03,0,0,393
1488064,30,113,1971,292.03,292.03,0,0,473
1139759,31,113,1971,290.03,291.03,0,0,607
1243807,32,113,1971,243.5,291.03,1,1,4294
1153516,33,113,1971,289.06,291.06,0,0,472
1442178,34,113,1971,303.64,304.64,0,0,311
1177461,35,113,1971,310.43,311.43,0,0,675
1267175,36,113,1971,310.43,310.43,0,0,474
1026851,37,113,1971,309.43,310.43,0,0,256
1317243,38,113,1971,310.43,310.43,0,0,351
1395434,39,113,1971,305.55,306.55,0,0,555
1494809,40,113,1971,310.43,311.43,0,0,540
1313086,41,113,1971,310.43,311.43,0,0,364
1060730,42,113,1971,311.43,309.43,0,0,258
1361284,43,113,1971,309.43,309.43,0,0,324
1212939,44,113,1971,311.43,310.43,0,0,377
1332066,45,113,1971,310.43,310.43,0,0,379
1114994,46,113,1971,244.5,309.43,1,0,1094
1316614,47,113,1971,243.47,311.43,1,0,838
1168503,48,113,1971,163.93,310.43,1,0,2700
1429013,49,113,1971,305.58,305.58,0,0,378
1412191,50,113,1971,243.5,305.58,0,0,176
1292785,51,113,1971,208.61,304.58,0,0,742
1299102,52,113,1971,311.43,311.43,0,0,459
1094926,53,113,1971,311.43,310.43,0,0,635
1421429,54,113,1971,311.43,311.43,0,0,500
1054792,55,113,1971,311.43,309.43,0,0,378
1057344,56,113,1971,310.43,310.43,0,0,284
1073641,57,113,1971,310.43,309.43,0,0,458
1116274,58,113,1971,309.43,311.43,0,0,447
1380945,59,113,1971,310.43,309.43,0,0,539
1288221,60,113,1971,243.5,310.43,1,1,3969
1412864,61,113,1971,301.7,302.7,0,0,433
1410489,62,113,1971,311.43,310.43,0,0,229
1377156,63,113,1971,311.43,310.43,0,0,256
1162254,64,113,1971,310.43,311.43,0,0,310
1137584,65,113,1971,311.43,309.43,0,0,350
1384253,66,113,1971,311.43,310.43,0,0,270
1467734,67,113,1971,311.43,311.43,0,0,419
1307645,68,113,1971,192.09,310.43,1,1,2309
1003414,69,113,1971,192.06,310.43,1,1,3079
1187331,70,113,1971,195.03,310.43,1,1,3983
1042802,71,113,1971,192.09,310.43,1,0,4427
1047288,72,113,1971,299.79,297.79,0,0,379
1291066,73,113,1971,311.43,310.43,0,0,404
1082882,74,113,1971,309.43,309.43,0,0,716
1369305,75,113,1971,260.96,310.43,0,0,851
1033687,76,113,1971,245.44,310.43,0,0,405
1136743,77,113,1971,310.43,309.43,0,0,258
1254576,78,113,1971,309.43,311.43,0,0,271
1207593,79,113,1971,310.43,309.43,0,0,406
1161602,80,113,1971,311.43,309.43,0,0,377
1494557,81,113,1971,310.43,309.43,0,0,352
1184280,82,113,1971,309.43,309.43,0,0,188
1446798,83,113,1971,318.16,319.16,0,0,406
1498782,84,113,1971,321.07,322.07,0,0,337
1367641,85,113,1971,321.07,323.07,0,0,215
1149817,86,113,1971,322.07,322.07,0,0,80
1171075,87,113,1971,321.07,323.07,0,0,162
1049707,88,113,1971,322.07,323.07,0,0,269
1075202,89,113,1971,323.07,321.07,0,0,135
1047909,90,113,1971,323.07,322.07,0,0,175
1313726,91,113,1971,322.07,323.07,0,0,203
1022405,92,113,1971,196,321.07,1,1,3079
1146118,93,113,1971,192.06,321.07,1,0,2294
1218862,94,113,1971,194.03,323.07,0,1,377
1237399,95,113,1971,194.03,322.07,0,0,230
1017900,96,113,1971,193.03,323.07,0,0,323
1113789,97,113,1971,195.03,322.07,0,0,527
1319558,98,113,1971,196.91,322.07,0,0,458
1128179,99,113,1971,193.03,321.07,0,0,393
1183614,100,113,1971,202.79,321.07,0,0,459
1268110,101,113,1971,193.03,194.03,0,0,377
1380863,102,113,1971,193.03,193.03,0,0,324
1131291,103,113,1971,195.03,194.03,0,0,379
1339270,104,113,1971,195.03,195.03,0,0,338
1442472,105,113,1971,320.13,319.13,0,0,580
1435031,106,113,1971,321.07,321.07,0,0,487
1463902,107,113,1971,323.07,322.07,0,0,580
1426861,108,113,1971,243.53,323.07,1,1,2053
1266228,109,113,1971,244.5,323.07,1,0,2592
1458982,110,113,1971,312.37,313.37,0,0,555
1172682,111,113,1971,323.07,321.07,0,0,539
1060812,112,113,1971,321.07,323.07,0,0,555
1024333,113,113,1971,323.07,323.07,0,0,420
1426793,114,113,1971,321.07,321.07,0,0,499
1005359,115,113,1971,322.07,323.07,0,0,513
1380501,116,113,1971,263.9,322.07,1,1,1432
1063045,117,113,1971,321.07,321.07,0,0,284
1002675,118,113,1971,323.07,322.07,0,0,244
1375942,119,113,1971,323.07,322.07,0,0,269
1433858,120,113,1971,323.07,321.07,0,0,296
1130727,121,113,1971,192.06,321.07,1,1,2254
1273101,122,113,1971,192.06,323.07,0,0,3039
1460599,123,113,1971,193.03,323.07,1,0,2983
1193656,124,113,1971,194.06,321.07,1,1,3227
1095334,125,113,1971,318.22,316.22,0,0,365
1190582,126,113,1971,323.07,321.07,0,0,337
1100402,127,113,1971,323.07,323.07,0,0,285
1065097,128,113,1971,306.55,305.55,0,0,567
1020893,129,113,1971,310.4,310.4,0,0,364
1060722,130,113,1971,321.07,322.07,0,0,420
1254091,131,113,1971,323.07,321.07,0,0,474
1482846,132,113,1971,195,322.07,1,0,2809
1441161,133,113,1971,195.03,323.07,1,1,3376
1402128,134,113,1971,288.12,322.07,0,0,337
1252189,135,113,1971,317.19,318.19,0,0,500
1000750,136,113,1971,323.07,323.07,0,0,458
1331990,137,113,1971,323.07,323.07,0,0,80
1057455,138,113,1971,323.07,321.07,0,0,96
1009764,139,113,1971,322.07,321.07,0,0,297
1286116,140,113,1971,327.92,327.92,0,0,296
1285606,141,113,1971,329.86,327.86,0,0,176
1109513,142,113,1971,328.86,328.86,0,0,243
1246370,143,113,1971,327.86,329.86,0,0,284
1342511,144,113,1971,329.86,328.86,0,0,242
1047391,145,113,1971,327.86,328.86,0,0,352
1487631,1,113,1902,484.03,486.03,0,0,28
1370452,2,113,1902,486.03,485.03,0,0,15
1114993,3,113,1902,485.03,485.03,0,0,42
1332617,5,113,1902,484.03,486.03,0,0,28
1225024,6,113,1902,486.03,486.03,0,0,40
1209531,7,113,1902,486.03,484.03,0,0,15
1329705,8,113,1902,485.03,486.03,0,0,26
1078707,9,113,1902,484.03,484.03,0,0,13
1025907,10,113,1902,485.03,484.03,0,0,67
1346097,13,113,1902,484.03,485.03,0,0,13
1216633,14,113,1902,462.69,464.69,0,0,54
1167930,15,113,1902,454.93,455.93,0,0,15
1143179,17,113,1902,455.93,455.93,0,0,14
1260718,27,113,1902,485.03,486.03,0,0,15
1385804,32,113,1902,485.03,485.03,0,0,13
1034352,33,113,1902,484.03,485.03,0,0,13
1202337,40,113,1902,485.03,484.03,0,0,13
1012769,44,113,1902,485.03,485.03,0,0,14
1062538,53,113,1902,388.03,485.03,0,0,15
1051147,54,113,1902,389.03,484.03,0,0,14
1214520,55,113,1902,387.03,486.03,0,0,26
1229729,56,113,1902,388.03,484.03,0,0,13
1431679,57,113,1902,387.03,484.03,0,0,13
1182885,58,113,1902,486.03,484.03,0,0,14
1499411,62,113,1902,445.23,447.23,0,0,14
1492312,66,113,1902,446.23,447.23,0,0,28
1450267,69,113,1902,417.13,416.13,0,0,13
1355881,71,113,1902,416.13,416.13,0,0,27
1165709,74,113,1902,447.23,447.23,0,0,15
1161781,80,113,1902,446.23,445.23,0,0,14
1305874,83,113,1902,445.23,446.23,0,0,28
1064202,84,113,1902,445.23,445.23,0,0,13
1103389,100,113,1902,446.23,446.23,0,0,14
1342208,101,113,1902,445.23,447.23,0,0,14
1482206,103,113,1902,446.23,445.23,0,0,15
1338590,105,113,1902,389.03,446.23,0,0,13
1446339,106,113,1902,387.03,445.23,0,0,14
1031964,107,113,1902,388.03,447.23,0,0,13
1470944,118,113,1902,446.23,446.23,0,0,13
1160238,119,113,1902,417.13,416.13,0,0,26
1017567,120,113,1902,389.03,387.03,0,0,15
1300944,134,113,1902,447.23,447.23,0,0,15
1486094,136,113,1902,388.03,447.23,0,0,15
1472363,137,113,1902,387.03,446.23,0,0,26
1223026,142,113,1902,447.23,446.23,0,0,41
1001463,145,113,1902,445.23,447.23,0,0,15
1458928,1,113,1247,484.03,486.03,0,0,15
1168476,2,113,1247,484.03,485.03,0,0,13
1424828,4,113,1247,484.03,484.03,0,0,13
1227045,8,113,1247,484.03,484.03,0,0,28
1473319,9,113,1247,486.03,485.03,0,0,13
1120288,10,113,1247,485.03,485.03,0,0,27
1194015,14,113,1247,484.03,484.03,0,0,14
1499603,15,113,1247,456.93,455.93,0,0,15
1121829,16,113,1247,455.93,455.93,0,0,27
1415471,17,113,1247,456.93,456.93,0,0,28
1449145,19,113,1247,484.03,485.03,0,0,14
1171011,21,113,1247,485.03,484.03,0,0,15
1286893,22,113,1247,485.03,485.03,0,0,15
1192222,23,113,1247,484.03,484.03,0,0,13
1008117,31,113,1247,485.03,486.03,0,0,15
1155813,36,113,1247,485.03,485.03,0,0,14
1477757,37,113,1247,484.03,484.03,0,0,14
1365011,38,113,1247,485.03,484.03,0,0,27
1098780,40,113,1247,486.03,486.03,0,0,27
1305898,41,113,1247,486.03,486.03,0,0,28
1057474,43,113,1247,485.03,485.03,0,0,13
1006292,46,113,1247,486.03,486.03,0,0,28
1430061,48,113,1247,484.03,485.03,0,0,13
1347534,49,113,1247,486.03,484.03,0,0,13
1303210,50,113,1247,485.03,486.03,0,0,14
1337374,52,113,1247,387.03,486.03,0,0,13
1383492,53,113,1247,388.03,484.03,0,0,13
1477649,55,113,1247,388.03,486.03,0,0,15
1044885,57,113,1247,388.03,485.03,0,0,13
1108267,59,113,1247,484.03,485.03,0,0,28
1160884,60,113,1247,446.23,446.23,0,0,14
1011993,61,113,1247,447.23,445.23,0,0,28
1379176,62,113,1247,445.23,445.23,0,0,15
1102360,63,113,1247,446.23,445.23,0,0,27
1279543,64,113,1247,447.23,445.23,0,0,15
1368643,66,113,1247,446.23,447.23,0,0,14
1312520,67,113,1247,431.68,430.68,0,0,27
1098900,70,113,1247,418.13,418.13,0,0,14
1120421,71,113,1247,418.13,417.13,0,0,27
1026114,73,113,1247,447.23,445.23,0,0,42
1388569,75,113,1247,445.23,445.23,0,0,15
1229258,76,113,1247,445.23,445.23,0,0,13
1353501,77,113,1247,446.23,446.23,0,0,26
1035087,79,113,1247,446.23,445.23,0,0,15
1411038,83,113,1247,446.23,447.23,0,0,15
1145848,84,113,1247,445.23,445.23,0,0,15
1120308,85,113,1247,447.23,445.23,0,0,28
1227802,87,113,1247,446.23,446.23,0,0,41
1423612,89,113,1247,447.23,445.23,0,0,28
1305271,90,113,1247,447.23,445.23,0,0,13
1038103,92,113,1247,447.23,447.23,0,0,14
1034412,94,113,1247,446.23,445.23,0,0,15
1372635,95,113,1247,445.23,447.23,0,0,14
1262852,105,113,1247,387.03,446.23,0,0,13
1492229,106,113,1247,388.03,447.23,0,0,13
1206163,108,113,1247,387.03,447.23,0,0,15
1101358,109,113,1247,447.23,447.23,0,0,26
1190447,111,113,1247,446.23,445.23,0,0,15
1333794,117,113,1247,445.23,447.23,0,0,26
1409230,119,113,1247,388.03,446.23,0,0,14
1419336,120,113,1247,388.03,447.23,0,0,28
1380684,123,113,1247,388.03,447.23,0,0,40
1170279,124,113,1247,447.23,445.23,0,0,41
1268075,129,113,1247,447.23,446.23,0,0,15
1464629,131,113,1247,445.23,445.23,0,0,14
1436543,133,113,1247,447.23,446.23,0,0,26
1296461,135,113,1247,447.23,447.23,0,0,14
1342090,137,113,1247,388.03,445.23,0,0,13
1198894,138,113,1247,387.03,447.23,0,0,13
1343055,140,113,1247,389.03,445.23,0,0,14
1300409,1,113,1558,582.03,612.13,1,0,283
1115648,2,113,1558,584.91,611.13,1,1,229
1209785,3,113,1558,613.1,612.1,0,0,148
1065842,4,113,1558,612.13,610.13,0,0,95
1491091,5,113,1558,617.89,617.89,0,0,53
1343990,6,113,1558,619.83,620.83,0,0,163
1247445,7,113,1558,619.83,621.83,0,0,53
1182566,9,113,1558,582.03,583.03,0,0,95
1239361,10,113,1558,583.03,583.03,0,0,149
1122076,11,113,1558,581.03,582.03,0,0,55
1359055,12,113,1558,548.05,583.03,1,0,96
1067975,13,113,1558,539.35,581.03,1,1,202
1404453,14,113,1558,621.77,621.77,0,0,69
1302168,15,113,1558,639.23,640.23,0,0,55
1078597,16,113,1558,639.23,640.23,0,0,67
1270299,17,113,1558,640.23,641.23,0,0,67
1090385,18,113,1558,640.23,640.23,0,0,149
1453546,19,113,1558,639.23,639.23,0,0,175
1010608,20,113,1558,522.83,641.23,1,0,108
1033454,21,113,1558,484.03,641.23,1,0,107
1262186,22,113,1558,639.23,640.23,0,0,136
1401100,23,113,1558,640.23,640.23,0,0,94
1126983,24,113,1558,640.23,639.23,0,0,80
1421934,25,113,1558,641.23,641.23,0,0,53
1032969,26,113,1558,484.03,640.23,0,0,108
1023031,27,113,1558,500.58,639.23,0,0,258
1344417,28,113,1558,640.23,640.23,0,0,27
1373008,29,113,1558,641.23,640.23,0,0,94
1048187,30,113,1558,639.23,639.23,0,0,94
1098063,31,113,1558,640.23,640.23,0,0,107
1213197,32,113,1558,641.23,641.23,0,0,107
1011266,33,113,1558,640.23,640.23,0,0,28
1021414,34,113,1558,640.23,640.23,0,0,121
1042786,35,113,1558,639.23,639.23,0,0,122
1128700,37,113,1558,434.59,641.23,1,0,393
1192627,38,113,1558,433.59,640.23,1,1,582
1124921,39,113,1558,433.59,639.23,0,1,379
1252407,40,113,1558,443.35,639.23,0,0,366
1153254,41,113,1558,640.23,640.23,0,0,163
1284798,42,113,1558,640.23,641.23,0,0,95
1181612,43,113,1558,641.23,641.23,0,0,121
1177835,44,113,1558,640.23,641.23,0,0,161
1324652,45,113,1558,543.26,641.23,0,0,162
1406398,46,113,1558,533.53,640.23,1,0,257
1240941,47,113,1558,532.53,639.23,1,0,123
1371755,48,113,1558,622.77,623.77,0,0,81
1420716,49,113,1558,641.23,639.23,0,0,68
1356284,50,113,1558,640.23,641.23,0,0,94
1457507,51,113,1558,640.23,639.23,0,0,94
1384257,52,113,1558,640.23,639.23,0,0,109
1463387,53,113,1558,641.23,639.23,0,0,54
1104505,54,113,1558,640.23,640.23,0,0,96
1152345,55,113,1558,511.22,641.23,0,0,82
1050398,56,113,1558,639.23,639.23,0,0,67
1029766,57,113,1558,639.23,641.23,0,0,54
1381019,58,113,1558,640.23,641.23,0,0,134
1483421,59,113,1558,641.23,639.23,0,0,14
1043412,60,113,1558,639.23,640.23,0,0,121
1050582,61,113,1558,441.38,641.23,1,1,405
1050178,62,113,1558,445.29,640.23,0,1,297
1041078,63,113,1558,437.5,640.23,1,1,825
1276330,64,113,1558,452.99,640.23,1,1,377
1035306,65,113,1558,582.06,580.06,0,0,189
1453813,66,113,1558,640.23,640.23,0,0,41
1351490,67,113,1558,641.23,639.23,0,0,95
1318060,68,113,1558,641.23,641.23,0,0,81
1345142,69,113,1558,640.23,640.23,0,0,80
1033325,70,113,1558,641.23,640.23,0,0,162
1359805,71,113,1558,640.23,641.23,0,0,135
1123159,72,113,1558,641.23,640.23,0,0,81
1170041,73,113,1558,639.23,639.23,0,0,69
1059706,74,113,1558,640.23,640.23,0,0,109
1470596,75,113,1558,488.94,639.23,1,1,823
1377681,76,113,1558,485.03,640.23,1,1,568
1446181,77,113,1558,641.23,639.23,0,0,15
1496643,78,113,1558,641.23,641.23,0,0,80
1190952,79,113,1558,468.54,639.23,1,1,418
1025551,80,113,1558,640.23,639.23,0,0,163
1047185,81,113,1558,641.23,640.23,0,0,123
1075936,82,113,1558,640.23,641.23,0,0,96
1152061,83,113,1558,641.23,639.23,0,0,94
1273555,84,113,1558,494.73,640.23,1,1,636
1107058,85,113,1558,490.88,640.23,1,1,460
1135128,86,113,1558,489.85,640.23,0,1,324
1239088,87,113,1558,484.03,641.23,0,0,392
1447377,88,113,1558,484.03,640.23,0,1,647
1164317,89,113,1558,468.54,641.23,1,1,661
1182538,90,113,1558,485.03,640.23,0,0,203
1394029,91,113,1558,484.03,640.23,0,1,460
1211376,92,113,1558,437.53,641.23,1,1,1014
1032602,93,113,1558,440.38,639.23,1,1,568
1206400,94,113,1558,641.23,640.23,0,0,54
1249770,95,113,1558,639.23,641.23,0,0,134
1351996,96,113,1558,641.23,639.23,0,0,175
1343423,97,113,1558,640.23,641.23,0,0,134
1495242,98,113,1558,542.23,641.23,1,0,163
1475731,99,113,1558,533.5,640.23,1,0,53
1400522,100,113,1558,627.59,628.59,0,0,123
1299093,101,113,1558,640.23,639.23,0,0,163
1470577,102,113,1558,640.23,639.23,0,0,53
1107694,103,113,1558,641.23,641.23,0,0,82
1048392,104,113,1558,641.23,639.23,0,0,41
1392290,105,113,1558,639.23,640.23,0,0,134
1196442,106,113,1558,641.23,641.23,0,0,27
1475630,107,113,1558,641.23,639.23,0,0,26
1380084,108,113,1558,484.03,641.23,0,1,460
1041607,109,113,1558,493.73,641.23,1,0,647
1454956,110,113,1558,641.23,639.23,0,0,162
1026296,111,113,1558,639.23,640.23,0,0,41
1487233,112,113,1558,641.23,639.23,0,0,134
1220872,113,113,1558,464.69,641.23,1,1,512
1453246,114,113,1558,462.69,640.23,1,1,366
1007079,115,113,1558,479.18,639.23,1,1,297
1001346,116,113,1558,463.69,641.23,1,1,312
1259578,117,113,1558,445.26,640.23,1,1,419
1443896,118,113,1558,639.23,639.23,0,0,108
1360579,119,113,1558,640.23,640.23,0,0,81
1450247,120,113,1558,650.9,650.9,0,0,82
1471150,121,113,1558,490.85,650.9,1,1,513
1142102,122,113,1558,660.63,659.63,0,0,81
1178712,123,113,1558,535.5,659.63,0,0,271
1190436,124,113,1558,512.19,659.63,0,0,95
1406780,125,113,1558,513.19,660.63,0,0,122
1372918,126,113,1558,511.19,660.63,1,1,432
1227717,127,113,1558,511.19,659.63,1,1,418
1384265,128,113,1558,513.19,659.63,0,0,271
1471580,129,113,1558,513.19,659.63,0,0,257
1317159,130,113,1558,486.97,658.63,1,1,485
1410330,131,113,1558,485,658.63,1,1,473
1020935,132,113,1558,540.29,659.63,0,0,243
1439720,133,113,1558,548.08,548.08,0,0,217
1390282,134,113,1558,548.08,548.08,0,0,188
1458051,135,113,1558,534.53,547.08,1,1,486
1157000,136,113,1558,533.53,548.08,1,1,229
1277158,137,113,1558,544.2,543.2,0,0,215
1258317,138,113,1558,548.08,549.08,0,0,189
1451167,139,113,1558,548.08,547.08,0,0,123
1043246,140,113,1558,524.83,524.83,0,0,350
1349513,141,113,1558,517.04,524.83,1,0,620
1252506,142,113,1558,520.89,524.83,1,1,323
1030789,143,113,1558,547.08,549.08,0,0,229
1283645,144,113,1558,548.08,549.08,0,0,323
1272978,145,113,1558,548.08,547.08,0,0,204
