files/113.csv
id,week,center_id,meal_id,checkout_price,base_price,emailer_for_promotion,homepage_featured,num_orders
1409622,1,113,2444,658.63,660.63,0,0,14
1383615,2,113,2444,659.63,659.63,0,0,14
1313562,3,113,2444,660.63,658.63,0,0,15
1464797,4,113,2444,660.63,658.63,0,0,27
1122056,5,113,2444,485.03,660.63,1,0,94
1472908,6,113,2444,485.03,660.63,0,0,68
1196211,7,113,2444,602.43,600.43,0,0,42
1483635,8,113,2444,659.63,660.63,0,0,15
1194618,9,113,2444,445.23,659.63,1,0,351
1373299,10,113,2444,437.53,660.63,1,0,325
1051865,11,113,2444,436.53,658.63,1,0,365
1110870,12,113,2444,659.63,658.63,0,0,68
1088248,13,113,2444,658.63,659.63,0,0,13
1354255,14,113,2444,658.63,659.63,0,0,15
1416276,15,113,2444,659.63,658.63,0,0,13
1118695,17,113,2444,658.63,658.63,0,0,40
1100037,18,113,2444,659.63,659.63,0,0,26
1410704,19,113,2444,660.63,659.63,0,0,108
1132066,20,113,2444,660.63,658.63,0,0,15
1438579,21,113,2444,660.63,658.63,0,0,28
1110929,22,113,2444,658.63,659.63,0,0,15
1271664,23,113,2444,660.63,660.63,0,0,13
1340436,24,113,2444,595.58,595.58,0,0,28
1157072,25,113,2444,533.53,597.58,0,0,108
1208758,26,113,2444,534.53,596.58,0,0,27
1014862,28,113,2444,634.41,635.41,0,0,69
1492411,29,113,2444,680.03,678.03,0,0,67
1434394,30,113,2444,658.63,659.63,0,0,26
1425473,31,113,2444,670.33,668.33,0,0,69
1489291,33,113,2444,484.03,668.33,0,0,42
1351683,34,113,2444,485.03,669.33,0,0,108
1174572,35,113,2444,631.53,630.53,0,0,14
1275008,36,113,2444,629.53,631.53,0,0,13
1255917,38,113,2444,631.53,629.53,0,0,15
1231122,39,113,2444,630.53,629.53,0,0,27
1218308,40,113,2444,484.03,630.53,1,0,161
1385405,41,113,2444,485.03,631.53,0,0,68
1100763,42,113,2444,630.53,630.53,0,0,15
1001493,43,113,2444,629.53,631.53,0,0,28
1075348,44,113,2444,631.53,631.53,0,0,53
1276063,45,113,2444,630.53,631.53,0,0,55
1411050,46,113,2444,629.53,631.53,0,0,28
1253270,48,113,2444,629.53,630.53,0,0,54
1443522,49,113,2444,630.53,629.53,0,0,41
1079572,50,113,2444,629.53,630.53,0,0,27
1371747,51,113,2444,629.53,631.53,0,0,41
1278611,52,113,2444,389.03,630.53,1,0,109
1497884,53,113,2444,389.03,631.53,1,1,366
1088366,54,113,2444,631.53,629.53,0,0,150
1140727,56,113,2444,630.53,630.53,0,0,42
1364856,57,113,2444,631.53,631.53,0,0,42
1221177,58,113,2444,631.53,631.53,0,0,26
1124307,59,113,2444,629.53,630.53,0,0,27
1298183,60,113,2444,485.03,629.53,1,0,82
1308327,61,113,2444,630.53,630.53,0,0,80
1434459,64,113,2444,630.53,629.53,0,0,26
1173826,65,113,2444,486.03,631.53,1,1,121
1332989,66,113,2444,630.53,630.53,0,0,41
1259505,67,113,2444,631.53,631.53,0,0,27
1025731,68,113,2444,629.53,629.53,0,0,69
1151167,69,113,2444,486.03,629.53,1,1,297
1043202,70,113,2444,485.03,631.53,1,0,150
1275518,71,113,2444,630.53,631.53,0,0,28
1055996,73,113,2444,631.53,629.53,0,0,42
1085963,74,113,2444,629.53,629.53,0,0,41
1040298,75,113,2444,631.53,631.53,0,0,42
1175626,76,113,2444,629.53,631.53,0,0,13
1098690,78,113,2444,514.13,631.53,0,0,42
1159665,79,113,2444,514.13,629.53,0,0,13
1411008,80,113,2444,514.13,631.53,0,0,53
1472332,81,113,2444,573.33,573.33,0,0,28
1051670,82,113,2444,630.53,629.53,0,0,13
1041748,83,113,2444,629.53,630.53,0,0,54
1127168,87,113,2444,707.13,709.13,0,0,14
1453900,88,113,2444,708.13,709.13,0,0,14
1477343,90,113,2444,436.53,707.13,1,1,55
1037137,91,113,2444,435.53,708.13,1,0,69
1344565,93,113,2444,708.13,707.13,0,0,15
1468316,94,113,2444,435.53,709.13,1,0,95
1216575,95,113,2444,454.96,709.13,1,0,204
1484996,96,113,2444,708.13,707.13,0,0,82
1104053,97,113,2444,709.13,707.13,0,0,28
1459416,98,113,2444,709.13,707.13,0,0,28
1158911,99,113,2444,708.13,707.13,0,0,15
1017971,100,113,2444,435.53,709.13,1,0,53
1111080,101,113,2444,436.53,709.13,0,0,109
1374285,103,113,2444,707.13,709.13,0,0,27
1323320,104,113,2444,708.13,707.13,0,0,26
1443917,106,113,2444,484.03,708.13,1,0,96
1208245,107,113,2444,486.03,709.13,1,0,13
1474522,109,113,2444,708.13,707.13,0,0,26
1426018,110,113,2444,387.03,708.13,1,1,67
1479442,112,113,2444,709.13,707.13,0,0,14
1012375,113,113,2444,708.13,709.13,0,0,14
1122391,114,113,2444,707.13,708.13,0,0,14
1301667,115,113,2444,709.13,707.13,0,0,28
1093467,116,113,2444,707.13,709.13,0,0,41
1307804,117,113,2444,728.53,727.53,0,0,13
1086850,118,113,2444,726.53,727.53,0,0,14
1316126,119,113,2444,727.53,727.53,0,0,42
1014594,120,113,2444,728.53,727.53,0,0,28
1140784,121,113,2444,728.53,727.53,0,0,14
1347800,122,113,2444,470.45,727.53,1,1,175
1313906,123,113,2444,474.39,726.53,1,0,54
1037183,125,113,2444,726.53,726.53,0,0,14
1469945,126,113,2444,726.53,728.53,0,0,15
1019256,127,113,2444,726.53,727.53,0,0,13
1308938,128,113,2444,767.33,765.33,0,0,13
1143177,130,113,2444,767.33,765.33,0,0,14
1464593,131,113,2444,767.33,766.33,0,0,13
1470597,132,113,2444,766.33,767.33,0,0,28
1222207,133,113,2444,485.03,765.33,1,0,82
1046306,134,113,2444,485.03,766.33,1,1,108
1243645,136,113,2444,767.33,767.33,0,0,14
1116400,137,113,2444,767.33,765.33,0,0,13
1445809,139,113,2444,726.53,728.53,0,0,26
1302008,140,113,2444,726.53,726.53,0,0,15
1328632,141,113,2444,727.53,728.53,0,0,13
1027695,143,113,2444,581.03,726.53,0,0,41
1165606,144,113,2444,582.03,728.53,1,0,15
1035188,1,113,2760,232.83,233.83,0,0,14
1441476,2,113,2760,232.83,231.83,0,0,26
1346474,3,113,2760,231.83,231.83,0,0,28
1215743,4,113,2760,231.83,233.83,0,0,27
1496163,5,113,2760,232.83,233.83,0,0,41
1286340,7,113,2760,232.83,233.83,0,0,53
1237999,8,113,2760,232.83,233.83,0,0,54
1263443,9,113,2760,233.83,232.83,0,0,55
1188904,10,113,2760,233.83,231.83,0,0,55
1391250,11,113,2760,231.83,233.83,0,0,15
1474682,12,113,2760,232.83,233.83,0,0,15
1070148,13,113,2760,232.83,231.83,0,0,53
1059437,14,113,2760,194,232.83,0,0,28
1365576,15,113,2760,194,233.83,0,0,14
1319372,16,113,2760,194,233.83,0,0,40
1383442,17,113,2760,209.52,211.52,0,0,68
1433656,18,113,2760,231.83,231.83,0,0,13
1187733,19,113,2760,233.83,232.83,0,0,27
1046602,20,113,2760,233.83,233.83,0,0,53
1283642,21,113,2760,231.83,233.83,0,0,14
1283753,22,113,2760,233.83,231.83,0,0,15
1194223,23,113,2760,233.83,233.83,0,0,14
1311270,24,113,2760,232.83,232.83,0,0,28
1438571,25,113,2760,175.63,233.83,0,0,69
1061033,26,113,2760,174.63,232.83,0,0,94
1368223,27,113,2760,198.91,233.83,0,0,69
1006941,28,113,2760,212.43,214.43,0,0,26
1176507,29,113,2760,232.83,232.83,0,0,69
1079555,30,113,2760,231.83,233.83,0,0,41
1147399,31,113,2760,233.83,232.83,0,0,27
1122913,32,113,2760,232.83,231.83,0,0,14
1488791,33,113,2760,231.83,233.83,0,0,55
1368037,36,113,2760,233.83,233.83,0,0,42
1194642,37,113,2760,233.83,231.83,0,0,15
1361633,38,113,2760,214.43,212.43,0,0,40
1104898,39,113,2760,173.63,214.43,0,0,26
1303568,40,113,2760,175.63,213.43,0,0,95
1066424,41,113,2760,203.73,202.73,0,0,26
1033487,42,113,2760,173.63,204.73,0,0,67
1441100,44,113,2760,232.83,232.83,0,0,28
1469323,45,113,2760,204.73,231.83,0,0,28
1374057,46,113,2760,233.83,231.83,0,0,13
1116919,47,113,2760,174.63,232.83,0,0,54
1134260,48,113,2760,174.63,233.83,0,0,27
1169690,49,113,2760,175.63,231.83,0,0,40
1391085,50,113,2760,175.63,232.83,0,0,14
1191751,51,113,2760,175.63,233.83,0,0,40
1381454,52,113,2760,173.63,232.83,0,0,69
1071928,53,113,2760,195,194,0,0,27
1002074,54,113,2760,196,196,0,0,15
1377546,55,113,2760,194,195,0,0,55
1397300,56,113,2760,196,196,0,0,68
1337531,59,113,2760,220.25,219.25,0,0,27
1455204,60,113,2760,195,219.25,0,0,13
1226808,61,113,2760,194,220.25,0,0,28
1081237,62,113,2760,194,219.25,0,0,14
1247714,63,113,2760,196,218.25,0,0,14
1165307,65,113,2760,242.53,243.53,0,0,27
1497645,66,113,2760,196,242.53,0,0,81
1010359,67,113,2760,194,243.53,0,0,28
1303390,68,113,2760,194,241.53,0,0,53
1050409,69,113,2760,194,241.53,0,0,41
1222985,70,113,2760,242.53,241.53,0,0,13
1477102,71,113,2760,242.53,241.53,0,0,15
1255378,72,113,2760,241.53,242.53,0,0,26
1313182,73,113,2760,242.53,241.53,0,0,14
1011762,74,113,2760,241.53,241.53,0,0,26
1494421,76,113,2760,210.52,241.53,0,0,40
1478581,77,113,2760,195,243.53,0,0,13
1058896,78,113,2760,194,241.53,0,0,80
1353096,79,113,2760,196,243.53,0,0,13
1061364,81,113,2760,243.53,243.53,0,0,15
1065917,82,113,2760,241.53,242.53,0,0,26
1091536,83,113,2760,243.53,241.53,0,0,15
1401684,84,113,2760,214.43,243.53,0,0,121
1271459,85,113,2760,212.43,241.53,0,0,67
1456616,87,113,2760,241.53,243.53,0,0,13
1235196,88,113,2760,242.53,242.53,0,0,53
1108337,89,113,2760,243.53,243.53,0,0,41
1308183,90,113,2760,241.53,241.53,0,0,41
1117905,91,113,2760,242.53,242.53,0,0,28
1347173,92,113,2760,241.53,242.53,0,0,26
1097937,93,113,2760,243.53,241.53,0,0,28
1180831,94,113,2760,241.53,243.53,0,0,40
1058350,95,113,2760,243.53,242.53,0,0,67
1077160,96,113,2760,241.53,241.53,0,0,42
1422900,97,113,2760,241.53,243.53,0,0,28
1426248,98,113,2760,242.53,241.53,0,0,68
1173689,99,113,2760,243.53,241.53,0,0,15
1171243,100,113,2760,231.83,231.83,0,0,27
1327402,101,113,2760,231.83,231.83,0,0,27
1264952,102,113,2760,233.83,233.83,0,0,96
1399347,103,113,2760,231.83,233.83,0,0,53
1348152,105,113,2760,241.53,243.53,0,0,15
1090502,106,113,2760,242.53,242.53,0,0,14
1176538,108,113,2760,242.53,243.53,0,0,14
1098123,110,113,2760,242.53,243.53,0,0,15
1098746,111,113,2760,243.53,242.53,0,0,13
1278138,112,113,2760,241.53,241.53,0,0,55
1017664,114,113,2760,241.53,241.53,0,0,53
1279002,115,113,2760,242.53,242.53,0,0,14
1046494,116,113,2760,242.53,241.53,0,0,14
1145879,119,113,2760,195.03,243.53,0,0,13
1094341,120,113,2760,193.03,241.53,0,0,15
1419509,121,113,2760,260.93,262.93,0,0,67
1398476,122,113,2760,260.93,260.93,0,0,14
1456366,123,113,2760,260.93,260.93,0,0,40
1321615,124,113,2760,261.93,262.93,0,0,15
1025195,125,113,2760,262.93,262.93,0,0,26
1187434,126,113,2760,261.93,261.93,0,0,27
1161758,127,113,2760,262.93,260.93,0,0,26
1173601,128,113,2760,195.03,261.93,0,0,28
1377032,129,113,2760,195.03,262.93,0,0,13
1193789,130,113,2760,194.03,260.93,0,0,14
1469721,132,113,2760,261.93,261.93,0,0,41
1016453,133,113,2760,261.93,260.93,0,0,13
1233926,134,113,2760,262.93,260.93,0,0,14
1309435,136,113,2760,260.93,262.93,0,0,28
1205045,137,113,2760,260.93,260.93,0,0,15
1158997,140,113,2760,262.93,260.93,0,0,15
1034026,141,113,2760,262.93,260.93,0,0,13
1489229,142,113,2760,261.93,261.93,0,0,27
1347860,144,113,2760,184.36,260.93,0,0,15
1401348,145,113,2760,182.36,261.93,0,0,69
1203879,1,113,1525,244.5,282.33,0,0,14
1413976,3,113,1525,243.5,281.33,0,0,28
1126393,4,113,1525,243.5,281.33,0,0,27
1214143,5,113,1525,282.33,281.33,0,0,26
1010797,6,113,1525,282.33,280.33,0,0,15
1270556,7,113,1525,280.33,282.33,0,0,27
1495686,8,113,1525,281.33,280.33,0,0,27
1111685,10,113,1525,241.53,280.33,0,0,15
1069612,11,113,1525,243.53,280.33,0,0,14
1070788,12,113,1525,243.53,281.33,0,0,40
1056951,13,113,1525,280.33,280.33,0,0,13
1416145,14,113,1525,282.33,281.33,0,0,27
1061465,15,113,1525,282.33,282.33,0,0,41
1216280,16,113,1525,281.33,282.33,0,0,14
1384475,18,113,1525,281.33,281.33,0,0,27
1301605,19,113,1525,281.33,280.33,0,0,13
1489072,20,113,1525,282.33,281.33,0,0,26
1134512,21,113,1525,244.5,281.33,0,0,15
1398061,22,113,1525,243.5,280.33,0,1,55
1437395,24,113,1525,242.5,282.33,0,0,27
1132165,25,113,1525,275.51,281.33,0,1,28
1353627,26,113,1525,290.03,281.33,0,1,67
1034255,27,113,1525,291.03,291.03,0,0,13
1485019,28,113,1525,242.53,292.03,0,0,26
1235711,29,113,1525,242.53,292.03,0,0,41
1310521,30,113,1525,243.53,290.03,0,0,15
1283717,31,113,1525,291.03,290.03,0,0,15
1147220,32,113,1525,291.03,290.03,0,0,14
1087080,34,113,1525,291.03,291.03,0,0,27
1274730,35,113,1525,268.75,266.75,0,0,26
1121377,36,113,1525,243.5,244.5,0,0,28
1000972,37,113,1525,243.5,242.5,0,0,26
1189519,38,113,1525,243.5,242.5,0,0,40
1268559,42,113,1525,242.5,242.5,0,0,27
1420406,43,113,1525,242.53,243.53,0,0,68
1105661,45,113,1525,241.53,241.53,0,1,42
1229475,46,113,1525,290.03,241.53,0,1,28
1249013,47,113,1525,292.03,242.53,0,1,15
1482901,48,113,1525,241.53,243.53,0,1,26
1218167,49,113,1525,242.53,242.53,0,1,55
1261116,50,113,1525,241.53,243.53,0,1,27
1191639,51,113,1525,242.53,241.53,0,1,27
1037608,52,113,1525,241.53,242.53,0,1,15
1425675,53,113,1525,241.53,242.53,0,1,54
1015988,54,113,1525,290.03,292.03,0,0,15
1255797,55,113,1525,290.03,291.03,0,0,14
1137106,56,113,1525,242.53,290.03,0,1,28
1165055,57,113,1525,241.53,292.03,0,1,28
1255841,58,113,1525,243.53,291.03,0,1,40
1204113,59,113,1525,291.03,292.03,0,0,53
1479095,63,113,1525,241.53,290.03,1,0,28
1460495,64,113,1525,242.53,291.03,1,0,42
1045876,65,113,1525,241.53,290.03,0,0,40
1172902,67,113,1525,290.03,291.03,0,0,14
1388271,69,113,1525,291.03,292.03,0,0,15
1376711,70,113,1525,291.03,290.03,0,0,14
1036920,73,113,1525,243.5,292.03,0,0,41
1251829,74,113,1525,242.5,292.03,0,0,27
1235473,75,113,1525,244.5,292.03,0,0,27
1166853,76,113,1525,244.5,290.03,0,0,15
1111160,77,113,1525,244.5,291.03,0,0,13
1015456,80,113,1525,241.53,292.03,0,0,15
1020251,81,113,1525,241.53,292.03,1,0,26
1091086,82,113,1525,242.53,243.53,0,0,15
1473455,83,113,1525,291.03,291.03,0,0,15
1089512,85,113,1525,242.5,290.03,0,0,13
1014603,86,113,1525,244.5,292.03,0,0,15
1377665,91,113,1525,290.03,290.03,0,0,13
1492424,93,113,1525,292.03,290.03,0,0,27
1152577,94,113,1525,291.03,291.03,0,0,13
1377163,96,113,1525,242.53,292.03,0,0,15
1083570,97,113,1525,243.53,292.03,0,0,26
1363229,98,113,1525,241.53,292.03,0,0,40
1486842,99,113,1525,292.03,292.03,0,0,41
1480168,101,113,1525,292.03,292.03,0,0,54
1483450,103,113,1525,260.93,290.03,0,0,15
1323332,105,113,1525,262.93,291.03,0,0,27
1434071,106,113,1525,260.93,291.03,0,0,26
1098018,108,113,1525,262.93,290.03,0,0,27
1397814,109,113,1525,242.53,290.03,0,0,13
1348477,110,113,1525,243.53,292.03,0,0,15
1063605,111,113,1525,241.53,242.53,0,0,15
1167712,113,113,1525,243.53,242.53,0,0,26
1245076,114,113,1525,241.53,241.53,0,0,15
1472984,115,113,1525,291.03,291.03,0,0,13
1000620,119,113,1525,292.03,291.03,0,0,15
1011721,121,113,1525,241.53,290.03,0,0,26
1252836,122,113,1525,209.52,291.03,0,0,41
1429516,123,113,1525,231.89,292.03,0,0,53
1476567,124,113,1525,319.13,319.13,0,0,15
1126736,125,113,1525,321.13,320.13,0,0,15
1346064,126,113,1525,319.13,319.13,0,0,13
1253586,129,113,1525,319.13,320.13,0,0,13
1405531,132,113,1525,261.93,320.13,0,0,13
1372554,135,113,1525,319.13,320.13,0,0,15
1350470,137,113,1525,261.93,319.13,0,0,15
1341974,140,113,1525,261.93,320.13,0,0,14
1243603,142,113,1525,320.13,321.13,0,0,14
1414939,143,113,1525,321.13,320.13,0,0,41
1470187,144,113,1525,320.13,319.13,0,0,27
1291867,145,113,1525,321.13,319.13,0,0,42
