files/113.csv
id,week,center_id,meal_id,checkout_price,base_price,emailer_for_promotion,homepage_featured,num_orders
1235654,1,113,2704,242.5,280.33,0,0,121
1032577,2,113,2704,243.5,280.33,0,0,69
1156348,3,113,2704,243.5,280.33,0,0,42
1130715,4,113,2704,243.5,280.33,0,0,41
1109542,5,113,2704,280.33,280.33,0,0,68
1476681,6,113,2704,281.33,281.33,0,0,53
1070872,7,113,2704,280.33,282.33,0,0,68
1268726,8,113,2704,281.33,282.33,0,0,69
1019743,9,113,2704,280.33,280.33,0,0,42
1211140,10,113,2704,243.53,280.33,0,0,122
1045898,11,113,2704,243.53,281.33,0,0,27
1171191,12,113,2704,243.53,282.33,0,0,26
1490607,13,113,2704,280.33,280.33,0,0,27
1326058,14,113,2704,280.33,280.33,0,0,42
1356133,15,113,2704,280.33,280.33,0,0,42
1091888,16,113,2704,282.33,282.33,0,0,15
1166949,17,113,2704,280.33,280.33,0,0,27
1455083,18,113,2704,282.33,281.33,0,0,53
1175627,19,113,2704,281.33,282.33,0,0,41
1056631,20,113,2704,281.33,282.33,0,0,26
1140011,21,113,2704,242.5,282.33,0,0,68
1005954,22,113,2704,242.5,280.33,0,1,391
1041966,23,113,2704,248.38,282.33,0,1,148
1405165,24,113,2704,242.5,281.33,0,1,203
1147007,25,113,2704,285.18,282.33,0,1,136
1220328,26,113,2704,292.03,280.33,0,1,94
1159445,27,113,2704,291.03,291.03,0,0,107
1375251,28,113,2704,249.32,291.03,0,0,95
1192842,29,113,2704,243.53,292.03,0,0,54
1415845,30,113,2704,243.53,290.03,0,0,53
1104217,31,113,2704,290.03,290.03,0,0,28
1128694,32,113,2704,291.03,291.03,0,0,53
1000561,33,113,2704,290.03,290.03,0,0,28
1280182,34,113,2704,291.03,291.03,0,0,81
1066126,35,113,2704,242.5,292.03,0,0,190
1256686,36,113,2704,242.5,291.03,0,0,94
1282885,37,113,2704,243.5,291.03,0,0,134
1484798,38,113,2704,244.5,291.03,0,0,134
1187168,39,113,2704,292.03,290.03,0,0,26
1380365,40,113,2704,291.03,291.03,0,0,41
1340051,41,113,2704,290.03,290.03,0,0,80
1183456,42,113,2704,243.5,291.03,0,0,107
1154898,43,113,2704,243.53,290.03,0,0,134
1047724,44,113,2704,243.53,290.03,0,1,148
1284355,45,113,2704,247.35,292.03,0,1,122
1047354,46,113,2704,291.03,291.03,0,1,95
1489169,47,113,2704,291.03,292.03,0,1,80
1495261,48,113,2704,284.21,290.03,0,1,123
1279578,49,113,2704,242.53,292.03,0,0,68
1135767,50,113,2704,250.32,291.03,0,0,95
1043841,51,113,2704,241.53,291.03,0,0,13
1326047,52,113,2704,243.53,292.03,0,0,40
1147627,53,113,2704,242.53,290.03,0,1,41
1478463,54,113,2704,285.24,283.24,0,0,96
1233714,55,113,2704,291.03,290.03,0,0,67
1263241,56,113,2704,242.53,292.03,0,1,96
1196973,57,113,2704,241.53,290.03,0,1,134
1178218,58,113,2704,243.53,290.03,0,1,41
1490405,59,113,2704,291.03,291.03,0,0,40
1162110,61,113,2704,290.03,292.03,0,0,53
1195203,62,113,2704,292.03,292.03,0,0,53
1432771,63,113,2704,241.53,291.03,1,0,149
1332757,64,113,2704,241.53,290.03,1,0,175
1022626,65,113,2704,241.53,290.03,0,0,81
1468004,66,113,2704,291.03,292.03,0,0,41
1407362,67,113,2704,292.03,291.03,0,0,41
1255002,68,113,2704,290.03,290.03,0,0,82
1123793,69,113,2704,292.03,292.03,0,0,28
1212356,70,113,2704,292.03,291.03,0,0,40
1398551,71,113,2704,292.03,290.03,0,0,28
1083294,72,113,2704,291.03,292.03,0,0,41
1386492,73,113,2704,242.5,291.03,0,0,27
1403431,74,113,2704,243.5,290.03,0,0,95
1185274,75,113,2704,243.5,291.03,0,0,27
1498260,76,113,2704,243.5,292.03,0,0,94
1012527,77,113,2704,242.5,291.03,0,0,55
1204725,78,113,2704,290.03,292.03,0,0,27
1475806,79,113,2704,290.03,291.03,0,0,14
1186526,80,113,2704,242.53,291.03,0,0,95
1173542,81,113,2704,243.53,290.03,1,0,149
1127445,82,113,2704,241.53,292.03,0,0,26
1194456,83,113,2704,290.03,291.03,0,0,68
1384795,84,113,2704,292.03,292.03,0,0,54
1351466,85,113,2704,244.5,291.03,0,0,41
1441036,86,113,2704,243.5,292.03,0,0,28
1026036,87,113,2704,242.5,290.03,1,0,67
1270346,88,113,2704,259.02,291.03,0,0,42
1313689,89,113,2704,291.03,291.03,0,0,40
1371277,90,113,2704,291.03,291.03,0,0,42
1012362,91,113,2704,292.03,291.03,0,0,54
1336920,92,113,2704,291.03,292.03,0,0,40
1448532,93,113,2704,291.03,292.03,0,0,54
1330564,95,113,2704,290.03,291.03,0,0,41
1211794,96,113,2704,242.53,290.03,0,0,28
1284531,97,113,2704,243.53,292.03,0,0,53
1113119,98,113,2704,241.53,292.03,0,0,96
1162755,99,113,2704,291.03,292.03,0,0,27
1282596,100,113,2704,290.03,290.03,0,0,68
1423284,101,113,2704,290.03,291.03,0,0,55
1470716,102,113,2704,291.03,291.03,0,0,82
1362418,103,113,2704,280.39,278.39,0,0,67
1454444,104,113,2704,261.93,261.93,0,0,55
1024549,105,113,2704,260.93,262.93,0,0,53
1209290,106,113,2704,268.75,267.75,0,0,67
1256549,108,113,2704,260.93,262.93,0,0,27
1347217,109,113,2704,241.53,242.53,0,0,135
1007387,110,113,2704,242.53,242.53,0,0,27
1236375,111,113,2704,241.53,243.53,0,0,109
1010234,112,113,2704,241.53,242.53,0,0,67
1492020,113,113,2704,241.53,243.53,0,0,55
1444095,114,113,2704,243.53,242.53,0,0,27
1440384,115,113,2704,292.03,290.03,0,0,53
1490127,116,113,2704,291.03,290.03,0,0,26
1157959,117,113,2704,292.03,292.03,0,0,40
1121509,118,113,2704,290.03,291.03,0,0,42
1490082,119,113,2704,292.03,291.03,0,0,42
1039513,120,113,2704,292.03,290.03,0,0,15
1292690,121,113,2704,241.53,290.03,0,0,14
1157658,122,113,2704,224.1,292.03,0,0,107
1055270,123,113,2704,243.53,290.03,0,0,13
1117680,124,113,2704,320.13,319.13,0,0,15
1357509,125,113,2704,321.13,319.13,0,0,41
1011268,127,113,2704,321.13,319.13,0,0,40
1434468,128,113,2704,319.13,319.13,0,0,40
1137751,129,113,2704,319.13,321.13,0,0,40
1398151,130,113,2704,321.13,319.13,0,0,40
1300058,131,113,2704,260.93,321.13,0,0,28
1168127,132,113,2704,240.56,320.13,0,0,95
1217582,133,113,2704,262.9,321.13,0,0,82
1289541,134,113,2704,320.13,321.13,0,0,26
1093365,135,113,2704,321.13,320.13,0,0,42
1357586,136,113,2704,319.13,320.13,0,0,81
1172526,137,113,2704,249.35,319.13,0,0,94
1467856,138,113,2704,255.17,321.13,0,0,82
1357422,139,113,2704,261.93,319.13,0,0,15
1474447,140,113,2704,321.13,320.13,0,0,41
1176700,141,113,2704,319.13,321.13,0,0,53
1390460,142,113,2704,319.13,321.13,0,0,67
1216320,143,113,2704,320.13,321.13,0,0,69
1360032,144,113,2704,319.13,320.13,0,0,53
1146410,145,113,2704,321.13,321.13,0,0,13
1423961,1,113,2492,447.23,446.23,0,0,42
1051538,2,113,2492,446.23,445.23,0,0,55
1271769,4,113,2492,447.23,447.23,0,0,40
1373588,5,113,2492,447.23,447.23,0,0,107
1384259,6,113,2492,447.23,445.23,0,0,41
1131120,7,113,2492,446.23,445.23,0,0,67
1294044,8,113,2492,447.23,447.23,0,0,40
1009846,9,113,2492,447.23,447.23,0,0,40
1458174,10,113,2492,447.23,447.23,0,0,40
1347129,11,113,2492,446.23,445.23,0,0,13
1212789,12,113,2492,445.23,445.23,0,0,41
1457974,13,113,2492,445.23,447.23,0,0,53
1285273,14,113,2492,445.23,445.23,0,0,55
1334252,15,113,2492,447.23,446.23,0,0,67
1229465,16,113,2492,447.23,445.23,0,0,15
1030047,17,113,2492,447.23,445.23,0,0,42
1215664,18,113,2492,447.23,446.23,0,0,40
1007037,19,113,2492,445.23,447.23,0,0,28
1134390,20,113,2492,446.23,446.23,0,0,42
1471683,21,113,2492,447.23,447.23,0,0,53
1283289,22,113,2492,446.23,446.23,0,0,26
1310718,23,113,2492,445.23,446.23,0,0,69
1484503,24,113,2492,446.23,445.23,0,0,28
1083601,25,113,2492,445.23,447.23,0,0,26
1398415,26,113,2492,446.23,445.23,0,0,14
1426381,27,113,2492,343.44,447.23,0,0,80
1091763,28,113,2492,290.03,446.23,1,0,311
1016372,29,113,2492,292.03,446.23,0,0,55
1047839,30,113,2492,290.03,446.23,0,0,109
1282293,31,113,2492,292.03,445.23,0,0,121
1134782,32,113,2492,446.23,446.23,0,0,54
1375759,33,113,2492,446.23,447.23,0,0,42
1336894,34,113,2492,445.23,447.23,0,0,42
1398757,35,113,2492,447.23,447.23,0,0,42
1134988,37,113,2492,446.23,446.23,0,0,27
1208087,38,113,2492,447.23,446.23,0,0,80
1276957,39,113,2492,446.23,446.23,0,0,28
1297124,40,113,2492,447.23,447.23,0,0,41
1172024,41,113,2492,446.23,445.23,0,0,15
1430261,42,113,2492,447.23,445.23,0,0,42
1294713,43,113,2492,447.23,446.23,0,0,42
1307929,44,113,2492,416.19,415.19,0,0,67
1457293,45,113,2492,299.76,414.19,1,1,242
1382960,46,113,2492,292.03,414.19,0,0,67
1274577,47,113,2492,291.03,416.19,0,1,96
1363764,48,113,2492,301.7,416.19,0,0,175
1430962,49,113,2492,446.23,447.23,0,0,81
1146128,51,113,2492,445.23,445.23,0,0,14
1333007,52,113,2492,445.23,445.23,0,0,54
1410172,53,113,2492,445.23,445.23,0,0,27
1259712,54,113,2492,446.23,447.23,0,0,40
1149302,55,113,2492,446.23,446.23,0,0,42
1346917,57,113,2492,445.23,445.23,0,0,28
1345942,58,113,2492,446.23,446.23,0,0,81
1105645,59,113,2492,447.23,445.23,0,0,121
1440886,60,113,2492,446.23,445.23,0,0,54
1003037,61,113,2492,445.23,446.23,0,0,80
1010358,62,113,2492,360.9,446.23,0,0,80
1433646,63,113,2492,292.03,447.23,1,0,270
1054809,64,113,2492,290.03,447.23,1,0,312
1163472,65,113,2492,341.44,447.23,0,0,41
1098886,66,113,2492,446.23,447.23,0,0,42
1335332,67,113,2492,446.23,446.23,0,0,42
1402951,68,113,2492,445.23,445.23,0,0,55
1339607,69,113,2492,446.23,446.23,0,0,68
1446907,70,113,2492,445.23,445.23,0,0,54
1268922,71,113,2492,447.23,447.23,0,0,96
1295303,73,113,2492,445.23,445.23,0,0,14
1205356,74,113,2492,446.23,445.23,0,0,82
1143578,75,113,2492,446.23,446.23,0,0,42
1026592,76,113,2492,446.23,447.23,0,0,28
1219876,77,113,2492,446.23,445.23,0,0,40
1149340,79,113,2492,445.23,447.23,0,0,82
1010206,80,113,2492,293,445.23,1,0,229
1466564,81,113,2492,292,445.23,0,0,122
1426939,82,113,2492,329.8,447.23,0,0,55
1449488,83,113,2492,292,446.23,0,0,243
1339891,84,113,2492,447.23,445.23,0,0,53
1187036,85,113,2492,446.23,445.23,0,0,40
1301723,86,113,2492,445.23,447.23,0,0,82
1289260,87,113,2492,446.23,445.23,0,0,55
1324945,88,113,2492,445.23,445.23,0,0,14
1265222,90,113,2492,446.23,447.23,0,0,27
1121854,91,113,2492,445.23,446.23,0,0,42
1215716,92,113,2492,446.23,447.23,0,0,15
1099131,93,113,2492,445.23,447.23,0,0,95
1303188,94,113,2492,446.23,447.23,0,0,40
1391017,95,113,2492,447.23,447.23,0,0,15
1040644,96,113,2492,291,445.23,0,0,134
1211549,97,113,2492,293,446.23,0,0,149
1398290,98,113,2492,293,446.23,0,0,121
1432716,99,113,2492,292,446.23,0,0,108
1135592,100,113,2492,447.23,446.23,0,0,81
1177736,101,113,2492,447.23,445.23,0,0,28
1458139,102,113,2492,445.23,446.23,0,0,14
1004283,104,113,2492,447.23,447.23,0,0,26
1291078,105,113,2492,446.23,446.23,0,0,94
1091854,106,113,2492,447.23,447.23,0,0,134
1473942,107,113,2492,446.23,447.23,0,0,54
1217214,108,113,2492,293,446.23,0,0,82
1386988,109,113,2492,292,447.23,0,0,121
1027252,110,113,2492,445.23,446.23,0,0,80
1288036,111,113,2492,446.23,447.23,0,0,14
1164117,112,113,2492,447.23,447.23,0,0,55
1133505,113,113,2492,446.23,447.23,0,0,28
1456162,114,113,2492,446.23,446.23,0,0,13
1339052,115,113,2492,447.23,445.23,0,0,42
1420101,116,113,2492,446.23,447.23,0,0,27
1230902,117,113,2492,445.23,447.23,0,0,27
1192886,118,113,2492,445.23,446.23,0,0,14
1325127,119,113,2492,446.23,446.23,0,0,41
1241822,120,113,2492,339.5,445.23,0,0,109
1481472,121,113,2492,339.5,446.23,0,1,80
1380786,122,113,2492,332.74,446.23,0,0,81
1341138,123,113,2492,339.5,446.23,0,0,80
1491587,124,113,2492,446.23,447.23,0,0,13
1409896,125,113,2492,445.23,447.23,0,0,41
1446908,126,113,2492,447.23,446.23,0,0,13
1112661,128,113,2492,446.23,447.23,0,0,55
1211797,129,113,2492,445.23,445.23,0,0,40
1459225,130,113,2492,447.23,446.23,0,0,81
1036123,131,113,2492,445.23,445.23,0,0,69
1115428,132,113,2492,283.3,445.23,0,0,150
1343468,133,113,2492,290.03,445.23,0,0,134
1061155,134,113,2492,300.7,446.23,0,0,177
1107958,135,113,2492,291.03,445.23,0,0,95
1290022,136,113,2492,454.93,454.93,0,0,53
1219009,138,113,2492,456.93,454.93,0,0,27
1124737,139,113,2492,455.93,455.93,0,0,27
1485678,140,113,2492,426.8,427.8,0,0,69
1393969,141,113,2492,409.37,408.37,0,0,42
1012751,142,113,2492,408.37,410.37,0,0,68
1368975,143,113,2492,456.93,455.93,0,0,15
1443280,144,113,2492,454.93,454.93,0,0,41
1491429,145,113,2492,454.93,455.93,0,0,15
1213596,1,113,1543,505.43,504.43,0,0,42
1462605,2,113,1543,504.43,504.43,0,0,94
1097850,3,113,1543,503.43,505.43,0,0,69
1199116,4,113,1543,503.43,503.43,0,0,41
1412360,5,113,1543,459.81,458.81,0,0,42
1352607,6,113,1543,424.86,459.81,1,0,163
1337915,7,113,1543,436.5,460.81,1,0,68
1034966,8,113,1543,436.5,436.5,0,0,108
1015781,9,113,1543,437.5,437.5,0,0,41
1129885,10,113,1543,505.43,504.43,0,0,41
1124177,11,113,1543,503.43,503.43,0,0,40
1195820,12,113,1543,504.43,503.43,0,0,28
1452457,13,113,1543,503.43,504.43,0,0,13
1239897,14,113,1543,388.03,505.43,0,0,96
1316925,15,113,1543,387.03,504.43,1,1,229
1373968,16,113,1543,388.03,504.43,0,1,95
1047340,17,113,1543,388.03,505.43,0,1,80
1029443,18,113,1543,389.03,505.43,0,1,53
1221388,19,113,1543,387.03,504.43,0,0,95
1143805,20,113,1543,387.03,505.43,0,0,55
1361610,21,113,1543,505.43,504.43,0,0,27
1152572,22,113,1543,503.43,503.43,0,0,55
1081717,25,113,1543,503.43,503.43,0,0,15
1487576,27,113,1543,505.43,503.43,0,0,14
1294897,28,113,1543,503.43,503.43,0,0,27
1419346,29,113,1543,505.43,505.43,0,0,14
1265037,30,113,1543,503.43,504.43,0,0,27
1027190,31,113,1543,427.83,505.43,0,0,42
1494600,32,113,1543,389.03,505.43,1,0,188
1159589,33,113,1543,387.03,503.43,0,1,82
1368493,34,113,1543,389.03,503.43,0,1,82
1020710,35,113,1543,387.03,503.43,0,0,95
1415773,36,113,1543,450.11,503.43,0,0,69
1228158,37,113,1543,466.63,464.63,0,0,69
1137702,38,113,1543,464.63,464.63,0,0,54
1145485,39,113,1543,466.63,464.63,0,0,108
1417008,40,113,1543,464.63,466.63,0,0,82
1472397,41,113,1543,466.63,466.63,0,0,55
1082553,42,113,1543,408.43,464.63,0,0,109
1194461,43,113,1543,393.85,465.63,0,1,189
1484493,44,113,1543,389.03,465.63,1,1,202
1208224,45,113,1543,388.03,466.63,0,0,258
1439708,46,113,1543,464.63,465.63,0,0,55
1472096,47,113,1543,466.63,465.63,0,0,27
1234434,48,113,1543,465.63,465.63,0,0,82
1292517,49,113,1543,465.63,466.63,0,0,96
1337710,50,113,1543,466.63,464.63,0,0,53
1213963,51,113,1543,464.63,464.63,0,0,41
1286382,52,113,1543,466.63,464.63,0,0,69
1181655,53,113,1543,466.63,465.63,0,0,54
1497391,54,113,1543,465.63,464.63,0,0,95
1466124,55,113,1543,395.76,464.63,0,1,163
1137495,56,113,1543,389.03,466.63,0,0,162
1062637,57,113,1543,388.03,466.63,0,0,42
1322415,58,113,1543,402.55,465.63,0,0,96
1474040,59,113,1543,514.13,514.13,0,0,40
1276451,60,113,1543,513.13,514.13,0,0,13
1204152,61,113,1543,513.13,513.13,0,0,55
1250240,63,113,1543,513.13,515.13,0,0,41
1427918,64,113,1543,513.13,513.13,0,0,55
1374005,65,113,1543,515.13,514.13,0,0,96
1462486,66,113,1543,513.13,514.13,0,0,13
1475549,67,113,1543,513.13,514.13,0,0,13
1453576,68,113,1543,515.13,515.13,0,0,68
1245165,69,113,1543,514.13,515.13,0,0,15
1445042,71,113,1543,514.13,514.13,0,0,69
1468920,72,113,1543,389.03,514.13,1,1,323
1046810,73,113,1543,388.03,514.13,0,0,108
1109155,74,113,1543,400.61,515.13,0,0,121
1151933,75,113,1543,389.03,514.13,0,0,41
1488975,76,113,1543,473.42,472.42,0,0,41
1015097,77,113,1543,515.13,514.13,0,0,69
1072598,78,113,1543,514.13,513.13,0,0,26
1186003,79,113,1543,514.13,513.13,0,0,53
1218679,80,113,1543,450.08,515.13,0,0,94
1073186,81,113,1543,513.13,514.13,0,0,53
1383322,82,113,1543,515.13,514.13,0,0,27
1480377,83,113,1543,397.76,514.13,1,0,202
1482511,84,113,1543,388.03,514.13,0,0,13
1255098,85,113,1543,388.03,515.13,0,0,230
1227255,86,113,1543,388.03,515.13,0,0,123
1042026,87,113,1543,514.13,513.13,0,0,109
1331774,88,113,1543,513.13,513.13,0,0,26
1402026,89,113,1543,515.13,513.13,0,0,54
1323377,90,113,1543,513.13,514.13,0,0,28
1285205,91,113,1543,514.13,514.13,0,0,95
1137814,92,113,1543,514.13,514.13,0,0,67
1470322,93,113,1543,513.13,515.13,0,0,107
1271550,94,113,1543,514.13,513.13,0,0,95
1183119,95,113,1543,479.21,480.21,0,0,202
1444629,96,113,1543,472.39,474.39,0,0,107
1488321,97,113,1543,474.39,474.39,0,0,150
1484624,98,113,1543,473.39,474.39,0,0,122
1481968,99,113,1543,474.39,474.39,0,0,81
1450876,100,113,1543,472.39,473.39,0,0,161
1375224,101,113,1543,473.39,474.39,0,0,108
1221902,102,113,1543,473.39,474.39,0,0,107
1375211,103,113,1543,473.39,472.39,0,0,40
1195455,104,113,1543,473.39,474.39,0,0,80
1350720,105,113,1543,472.39,473.39,0,0,81
1224974,106,113,1543,472.39,473.39,0,0,67
1033381,107,113,1543,473.39,473.39,0,0,162
1112356,108,113,1543,474.39,472.39,0,0,80
1235266,109,113,1543,472.39,472.39,0,0,161
1256839,110,113,1543,473.39,472.39,0,0,81
1372266,111,113,1543,474.39,474.39,0,0,123
1040607,112,113,1543,474.39,474.39,0,0,161
1082458,113,113,1543,472.39,474.39,0,0,177
1129403,114,113,1543,472.39,473.39,0,0,109
1467491,115,113,1543,473.39,473.39,0,0,109
1018988,116,113,1543,472.39,473.39,0,0,108
1375593,117,113,1543,389.03,474.39,0,1,134
1477666,118,113,1543,388.03,472.39,0,1,175
1014326,119,113,1543,387.03,472.39,0,1,204
1458587,120,113,1543,387.03,473.39,0,0,122
1156746,121,113,1543,468.51,470.51,0,0,122
1064711,122,113,1543,468.51,469.51,0,0,121
1463082,123,113,1543,469.51,469.51,0,0,108
1160247,124,113,1543,470.51,468.51,0,0,204
1246707,125,113,1543,380.27,470.51,0,0,150
1440635,126,113,1543,391.88,470.51,0,0,202
1311457,127,113,1543,387.03,470.51,0,1,108
1028797,128,113,1543,389.03,469.51,0,1,68
1453871,129,113,1543,468.51,468.51,0,1,107
1334453,130,113,1543,469.51,469.51,0,1,82
1024980,131,113,1543,470.51,469.51,0,1,109
1304396,132,113,1543,469.51,470.51,0,0,149
1470972,133,113,1543,482.09,483.09,0,0,94
1350983,134,113,1543,484.09,483.09,0,0,68
1470050,135,113,1543,483.09,484.09,0,0,81
1155356,136,113,1543,484.09,484.09,0,0,40
1443297,137,113,1543,381.24,482.09,1,0,364
1373696,138,113,1543,389.03,484.09,0,0,163
1051195,139,113,1543,388.03,484.09,0,0,188
1116696,140,113,1543,484.09,484.09,0,0,217
1129010,141,113,1543,484.09,484.09,0,0,149
1083151,142,113,1543,483.09,482.09,0,0,135
1010864,143,113,1543,484.09,484.09,0,0,163
1343522,144,113,1543,483.09,482.09,0,0,135
1164552,145,113,1543,484.09,482.09,0,0,121
